Utilities3n.cpp:3:9:uint8_t decToStr(uint32_t, char*, uint8_t)	40	static
Utilities3n.cpp:33:9:uint8_t decToStr(uint32_t, uint8_t*, uint8_t)	24	static
Utilities3n.cpp:57:9:uint8_t numToStr(double, char*, uint8_t)	56	static
Utilities3n.cpp:101:9:uint8_t numToStr(double, uint8_t*, uint8_t)	24	static
Utilities3n.cpp:105:10:uint16_t getLenStr(const char*)	24	static
Utilities3n.cpp:117:10:uint16_t getLenStr(uint8_t*)	16	static
Utilities3n.cpp:121:8:int8_t cmpStr(char*, char*)	24	static
Utilities3n.cpp:150:8:int8_t cmpStr(char*, uint8_t*)	16	static
Utilities3n.cpp:154:8:int8_t cmpStr(uint8_t*, char*)	16	static
Utilities3n.cpp:158:8:int8_t cmpStr(uint8_t*, uint8_t*)	16	static
Utilities3n.cpp:162:10:uint16_t cpyStr(const char*, char*)	24	static
Utilities3n.cpp:177:10:uint16_t cpyStr(uint8_t*, char*)	16	static
Utilities3n.cpp:181:10:uint16_t cpyStr(char*, uint8_t*)	16	static
Utilities3n.cpp:185:10:uint16_t cpyStr(uint8_t*, uint8_t*)	16	static
Utilities3n.cpp:189:10:uint16_t joinStr(char*, char*)	24	static
Utilities3n.cpp:207:10:uint16_t joinStr(char*, uint8_t*)	16	static
Utilities3n.cpp:211:10:uint16_t joinStr(uint8_t*, char*)	16	static
Utilities3n.cpp:215:10:uint16_t joinStr(uint8_t*, uint8_t*)	16	static
