core_cm3.h:1876:26:uint32_t ITM_SendChar(uint32_t)	16	static,ignoring_inline_asm
main.cpp:109:5:int __io_putchar(int)	16	static
main.cpp:123:5:int main()	64	static
main.cpp:252:6:void SystemClock_Config()	80	static
main.cpp:293:6:void execute_cmd(uint8_t)	16	static
main.cpp:341:11:float32_t measure_mof(chirp_result_t*)	48	static
main.cpp:377:11:float32_t measure_dist(chirp_result_t*)	16	static
main.cpp:390:8:int8_t calcMedian(stMeasResult_t*, float32_t*, uint16_t*)	120	static
main.cpp:442:6:void clrMedian()	4	static
main.cpp:455:6:void Error_Handler()	4	static,ignoring_inline_asm
main.cpp:464:1:void __static_initialization_and_destruction_0(int, int)	16	static
main.cpp:464:1:cpp)	8	static
