Archive member included to satisfy reference by file (symbol)

c:/st/stm32cubeide_1.7.0/stm32cubeide/plugins/com.st.stm32cube.ide.mcu.externaltools.gnu-tools-for-stm32.9-2020-q2-update.win32_2.0.0.202105311346/tools/bin/../lib/gcc/arm-none-eabi/9.3.1/../../../../arm-none-eabi/lib/thumb/v7-m/nofp\libstdc++_nano.a(pure.o)
                              ./Core/Src/ForusDrivers/PAL_STM32CubeL1.o (__cxa_pure_virtual)
c:/st/stm32cubeide_1.7.0/stm32cubeide/plugins/com.st.stm32cube.ide.mcu.externaltools.gnu-tools-for-stm32.9-2020-q2-update.win32_2.0.0.202105311346/tools/bin/../lib/gcc/arm-none-eabi/9.3.1/../../../../arm-none-eabi/lib/thumb/v7-m/nofp\libstdc++_nano.a(eh_terminate.o)
                              c:/st/stm32cubeide_1.7.0/stm32cubeide/plugins/com.st.stm32cube.ide.mcu.externaltools.gnu-tools-for-stm32.9-2020-q2-update.win32_2.0.0.202105311346/tools/bin/../lib/gcc/arm-none-eabi/9.3.1/../../../../arm-none-eabi/lib/thumb/v7-m/nofp\libstdc++_nano.a(pure.o) (std::terminate())
c:/st/stm32cubeide_1.7.0/stm32cubeide/plugins/com.st.stm32cube.ide.mcu.externaltools.gnu-tools-for-stm32.9-2020-q2-update.win32_2.0.0.202105311346/tools/bin/../lib/gcc/arm-none-eabi/9.3.1/../../../../arm-none-eabi/lib/thumb/v7-m/nofp\libstdc++_nano.a(eh_unex_handler.o)
                              c:/st/stm32cubeide_1.7.0/stm32cubeide/plugins/com.st.stm32cube.ide.mcu.externaltools.gnu-tools-for-stm32.9-2020-q2-update.win32_2.0.0.202105311346/tools/bin/../lib/gcc/arm-none-eabi/9.3.1/../../../../arm-none-eabi/lib/thumb/v7-m/nofp\libstdc++_nano.a(eh_terminate.o) (__cxxabiv1::__unexpected_handler)
c:/st/stm32cubeide_1.7.0/stm32cubeide/plugins/com.st.stm32cube.ide.mcu.externaltools.gnu-tools-for-stm32.9-2020-q2-update.win32_2.0.0.202105311346/tools/bin/../lib/gcc/arm-none-eabi/9.3.1/../../../../arm-none-eabi/lib/thumb/v7-m/nofp\libstdc++_nano.a(eh_term_handler.o)
                              c:/st/stm32cubeide_1.7.0/stm32cubeide/plugins/com.st.stm32cube.ide.mcu.externaltools.gnu-tools-for-stm32.9-2020-q2-update.win32_2.0.0.202105311346/tools/bin/../lib/gcc/arm-none-eabi/9.3.1/../../../../arm-none-eabi/lib/thumb/v7-m/nofp\libstdc++_nano.a(eh_terminate.o) (__cxxabiv1::__terminate_handler)
c:/st/stm32cubeide_1.7.0/stm32cubeide/plugins/com.st.stm32cube.ide.mcu.externaltools.gnu-tools-for-stm32.9-2020-q2-update.win32_2.0.0.202105311346/tools/bin/../lib/gcc/arm-none-eabi/9.3.1/../../../../arm-none-eabi/lib/thumb/v7-m/nofp\libc_nano.a(lib_a-abort.o)
                              c:/st/stm32cubeide_1.7.0/stm32cubeide/plugins/com.st.stm32cube.ide.mcu.externaltools.gnu-tools-for-stm32.9-2020-q2-update.win32_2.0.0.202105311346/tools/bin/../lib/gcc/arm-none-eabi/9.3.1/../../../../arm-none-eabi/lib/thumb/v7-m/nofp\libstdc++_nano.a(eh_terminate.o) (abort)
c:/st/stm32cubeide_1.7.0/stm32cubeide/plugins/com.st.stm32cube.ide.mcu.externaltools.gnu-tools-for-stm32.9-2020-q2-update.win32_2.0.0.202105311346/tools/bin/../lib/gcc/arm-none-eabi/9.3.1/../../../../arm-none-eabi/lib/thumb/v7-m/nofp\libc_nano.a(lib_a-errno.o)
                              ./Core/Src/syscalls.o (__errno)
c:/st/stm32cubeide_1.7.0/stm32cubeide/plugins/com.st.stm32cube.ide.mcu.externaltools.gnu-tools-for-stm32.9-2020-q2-update.win32_2.0.0.202105311346/tools/bin/../lib/gcc/arm-none-eabi/9.3.1/../../../../arm-none-eabi/lib/thumb/v7-m/nofp\libc_nano.a(lib_a-exit.o)
                              c:/st/stm32cubeide_1.7.0/stm32cubeide/plugins/com.st.stm32cube.ide.mcu.externaltools.gnu-tools-for-stm32.9-2020-q2-update.win32_2.0.0.202105311346/tools/bin/../lib/gcc/arm-none-eabi/9.3.1/../../../../arm-none-eabi/lib/thumb/v7-m/nofp/crt0.o (exit)
c:/st/stm32cubeide_1.7.0/stm32cubeide/plugins/com.st.stm32cube.ide.mcu.externaltools.gnu-tools-for-stm32.9-2020-q2-update.win32_2.0.0.202105311346/tools/bin/../lib/gcc/arm-none-eabi/9.3.1/../../../../arm-none-eabi/lib/thumb/v7-m/nofp\libc_nano.a(lib_a-impure.o)
                              c:/st/stm32cubeide_1.7.0/stm32cubeide/plugins/com.st.stm32cube.ide.mcu.externaltools.gnu-tools-for-stm32.9-2020-q2-update.win32_2.0.0.202105311346/tools/bin/../lib/gcc/arm-none-eabi/9.3.1/../../../../arm-none-eabi/lib/thumb/v7-m/nofp\libc_nano.a(lib_a-exit.o) (_global_impure_ptr)
c:/st/stm32cubeide_1.7.0/stm32cubeide/plugins/com.st.stm32cube.ide.mcu.externaltools.gnu-tools-for-stm32.9-2020-q2-update.win32_2.0.0.202105311346/tools/bin/../lib/gcc/arm-none-eabi/9.3.1/../../../../arm-none-eabi/lib/thumb/v7-m/nofp\libc_nano.a(lib_a-init.o)
                              c:/st/stm32cubeide_1.7.0/stm32cubeide/plugins/com.st.stm32cube.ide.mcu.externaltools.gnu-tools-for-stm32.9-2020-q2-update.win32_2.0.0.202105311346/tools/bin/../lib/gcc/arm-none-eabi/9.3.1/../../../../arm-none-eabi/lib/thumb/v7-m/nofp/crt0.o (__libc_init_array)
[...]
Memory Configuration

Name             Origin             Length             Attributes
RAM              0x0000000020000000 0x0000000000008000 xrw
FLASH            0x0000000008000000 0x0000000000040000 xr
*default*        0x0000000000000000 0xffffffffffffffff

Linker script and memory map

LOAD c:/st/stm32cubeide_1.7.0/stm32cubeide/plugins/com.st.stm32cube.ide.mcu.externaltools.gnu-tools-for-stm32.9-2020-q2-update.win32_2.0.0.202105311346/tools/bin/../lib/gcc/arm-none-eabi/9.3.1/thumb/v7-m/nofp/crti.o
LOAD c:/st/stm32cubeide_1.7.0/stm32cubeide/plugins/com.st.stm32cube.ide.mcu.externaltools.gnu-tools-for-stm32.9-2020-q2-update.win32_2.0.0.202105311346/tools/bin/../lib/gcc/arm-none-eabi/9.3.1/thumb/v7-m/nofp/crtbegin.o
LOAD c:/st/stm32cubeide_1.7.0/stm32cubeide/plugins/com.st.stm32cube.ide.mcu.externaltools.gnu-tools-for-stm32.9-2020-q2-update.win32_2.0.0.202105311346/tools/bin/../lib/gcc/arm-none-eabi/9.3.1/../../../../arm-none-eabi/lib/thumb/v7-m/nofp/crt0.o
LOAD ./Core/Src/CHX01ToF.o
LOAD ./Core/Src/gpio.o
LOAD ./Core/Src/i2c.o
LOAD ./Core/Src/main.o
LOAD ./Core/Src/stm32l1xx_hal_msp.o
LOAD ./Core/Src/stm32l1xx_it.o
LOAD ./Core/Src/syscalls.o
LOAD ./Core/Src/sysmem.o
LOAD ./Core/Src/system_stm32l1xx.o
LOAD ./Core/Src/tim.o
LOAD ./Core/Src/usart.o
LOAD ./Core/Src/Chirp/NOTmain.o
LOAD ./Core/Src/Chirp/ch101_gpr_fw.o
LOAD ./Core/Src/Chirp/ch201_gprmt_fw.o
LOAD ./Core/Src/Chirp/ch_com.o
LOAD ./Core/Src/Chirp/ch_drv_ch101.o
LOAD ./Core/Src/Chirp/ch_drv_ch201.o
LOAD ./Core/Src/Chirp/ch_lib.o
LOAD ./Core/Src/Chirp/usr_bsp.o
LOAD ./Core/Src/Chirp/usr_def.o
LOAD ./Core/Src/Chirp/usr_i2c.o
LOAD ./Core/Src/ForusDrivers/PAL_STM32CubeL1.o
LOAD ./Core/Src/ForusDrivers/Utilities3n.o
LOAD ./Core/Startup/startup_stm32l152rctx.o
LOAD ./Drivers/STM32L1xx_HAL_Driver/Src/stm32l1xx_hal.o
LOAD ./Drivers/STM32L1xx_HAL_Driver/Src/stm32l1xx_hal_cortex.o
LOAD ./Drivers/STM32L1xx_HAL_Driver/Src/stm32l1xx_hal_dma.o
LOAD ./Drivers/STM32L1xx_HAL_Driver/Src/stm32l1xx_hal_exti.o
LOAD ./Drivers/STM32L1xx_HAL_Driver/Src/stm32l1xx_hal_flash.o
LOAD ./Drivers/STM32L1xx_HAL_Driver/Src/stm32l1xx_hal_flash_ex.o
LOAD ./Drivers/STM32L1xx_HAL_Driver/Src/stm32l1xx_hal_flash_ramfunc.o
LOAD ./Drivers/STM32L1xx_HAL_Driver/Src/stm32l1xx_hal_gpio.o
LOAD ./Drivers/STM32L1xx_HAL_Driver/Src/stm32l1xx_hal_i2c.o
LOAD ./Drivers/STM32L1xx_HAL_Driver/Src/stm32l1xx_hal_pwr.o
LOAD ./Drivers/STM32L1xx_HAL_Driver/Src/stm32l1xx_hal_pwr_ex.o
LOAD ./Drivers/STM32L1xx_HAL_Driver/Src/stm32l1xx_hal_rcc.o
LOAD ./Drivers/STM32L1xx_HAL_Driver/Src/stm32l1xx_hal_rcc_ex.o
LOAD ./Drivers/STM32L1xx_HAL_Driver/Src/stm32l1xx_hal_tim.o
LOAD ./Drivers/STM32L1xx_HAL_Driver/Src/stm32l1xx_hal_tim_ex.o
LOAD ./Drivers/STM32L1xx_HAL_Driver/Src/stm32l1xx_hal_uart.o
START GROUP
LOAD c:/st/stm32cubeide_1.7.0/stm32cubeide/plugins/com.st.stm32cube.ide.mcu.externaltools.gnu-tools-for-stm32.9-2020-q2-update.win32_2.0.0.202105311346/tools/bin/../lib/gcc/arm-none-eabi/9.3.1/../../../../arm-none-eabi/lib/thumb/v7-m/nofp\libstdc++_nano.a
LOAD c:/st/stm32cubeide_1.7.0/stm32cubeide/plugins/com.st.stm32cube.ide.mcu.externaltools.gnu-tools-for-stm32.9-2020-q2-update.win32_2.0.0.202105311346/tools/bin/../lib/gcc/arm-none-eabi/9.3.1/../../../../arm-none-eabi/lib/thumb/v7-m/nofp\libsupc++_nano.a
END GROUP
LOAD c:/st/stm32cubeide_1.7.0/stm32cubeide/plugins/com.st.stm32cube.ide.mcu.externaltools.gnu-tools-for-stm32.9-2020-q2-update.win32_2.0.0.202105311346/tools/bin/../lib/gcc/arm-none-eabi/9.3.1/../../../../arm-none-eabi/lib/thumb/v7-m/nofp\libstdc++_nano.a
LOAD c:/st/stm32cubeide_1.7.0/stm32cubeide/plugins/com.st.stm32cube.ide.mcu.externaltools.gnu-tools-for-stm32.9-2020-q2-update.win32_2.0.0.202105311346/tools/bin/../lib/gcc/arm-none-eabi/9.3.1/../../../../arm-none-eabi/lib/thumb/v7-m/nofp\libm.a
LOAD c:/st/stm32cubeide_1.7.0/stm32cubeide/plugins/com.st.stm32cube.ide.mcu.externaltools.gnu-tools-for-stm32.9-2020-q2-update.win32_2.0.0.202105311346/tools/bin/../lib/gcc/arm-none-eabi/9.3.1/../../../../arm-none-eabi/lib/thumb/v7-m/nofp\libc_nano.a
START GROUP
LOAD c:/st/stm32cubeide_1.7.0/stm32cubeide/plugins/com.st.stm32cube.ide.mcu.externaltools.gnu-tools-for-stm32.9-2020-q2-update.win32_2.0.0.202105311346/tools/bin/../lib/gcc/arm-none-eabi/9.3.1/thumb/v7-m/nofp\libgcc.a
LOAD c:/st/stm32cubeide_1.7.0/stm32cubeide/plugins/com.st.stm32cube.ide.mcu.externaltools.gnu-tools-for-stm32.9-2020-q2-update.win32_2.0.0.202105311346/tools/bin/../lib/gcc/arm-none-eabi/9.3.1/../../../../arm-none-eabi/lib/thumb/v7-m/nofp\libc_nano.a
END GROUP
START GROUP
LOAD c:/st/stm32cubeide_1.7.0/stm32cubeide/plugins/com.st.stm32cube.ide.mcu.externaltools.gnu-tools-for-stm32.9-2020-q2-update.win32_2.0.0.202105311346/tools/bin/../lib/gcc/arm-none-eabi/9.3.1/thumb/v7-m/nofp\libgcc.a
LOAD c:/st/stm32cubeide_1.7.0/stm32cubeide/plugins/com.st.stm32cube.ide.mcu.externaltools.gnu-tools-for-stm32.9-2020-q2-update.win32_2.0.0.202105311346/tools/bin/../lib/gcc/arm-none-eabi/9.3.1/../../../../arm-none-eabi/lib/thumb/v7-m/nofp\libc_nano.a
LOAD c:/st/stm32cubeide_1.7.0/stm32cubeide/plugins/com.st.stm32cube.ide.mcu.externaltools.gnu-tools-for-stm32.9-2020-q2-update.win32_2.0.0.202105311346/tools/bin/../lib/gcc/arm-none-eabi/9.3.1/../../../../arm-none-eabi/lib/thumb/v7-m/nofp\libnosys.a
END GROUP
START GROUP
LOAD c:/st/stm32cubeide_1.7.0/stm32cubeide/plugins/com.st.stm32cube.ide.mcu.externaltools.gnu-tools-for-stm32.9-2020-q2-update.win32_2.0.0.202105311346/tools/bin/../lib/gcc/arm-none-eabi/9.3.1/thumb/v7-m/nofp\libgcc.a
LOAD c:/st/stm32cubeide_1.7.0/stm32cubeide/plugins/com.st.stm32cube.ide.mcu.externaltools.gnu-tools-for-stm32.9-2020-q2-update.win32_2.0.0.202105311346/tools/bin/../lib/gcc/arm-none-eabi/9.3.1/../../../../arm-none-eabi/lib/thumb/v7-m/nofp\libc_nano.a
LOAD c:/st/stm32cubeide_1.7.0/stm32cubeide/plugins/com.st.stm32cube.ide.mcu.externaltools.gnu-tools-for-stm32.9-2020-q2-update.win32_2.0.0.202105311346/tools/bin/../lib/gcc/arm-none-eabi/9.3.1/../../../../arm-none-eabi/lib/thumb/v7-m/nofp\libnosys.a
END GROUP
LOAD c:/st/stm32cubeide_1.7.0/stm32cubeide/plugins/com.st.stm32cube.ide.mcu.externaltools.gnu-tools-for-stm32.9-2020-q2-update.win32_2.0.0.202105311346/tools/bin/../lib/gcc/arm-none-eabi/9.3.1/thumb/v7-m/nofp/crtend.o
LOAD c:/st/stm32cubeide_1.7.0/stm32cubeide/plugins/com.st.stm32cube.ide.mcu.externaltools.gnu-tools-for-stm32.9-2020-q2-update.win32_2.0.0.202105311346/tools/bin/../lib/gcc/arm-none-eabi/9.3.1/thumb/v7-m/nofp/crtn.o
                0x0000000020008000                _estack = (ORIGIN (RAM) + LENGTH (RAM))
                0x0000000000000200                _Min_Heap_Size = 0x200
                0x0000000000000400                _Min_Stack_Size = 0x400

.isr_vector     0x0000000008000000      0x13c
                0x0000000008000000                . = ALIGN (0x4)
 *(.isr_vector)
 .isr_vector    0x0000000008000000      0x13c ./Core/Startup/startup_stm32l152rctx.o
                0x0000000008000000                g_pfnVectors
                0x000000000800013c                . = ALIGN (0x4)

.text           0x0000000008000140     0xc940
                0x0000000008000140                . = ALIGN (0x4)
 *(.text)
 .text          0x0000000008000140       0x40 c:/st/stm32cubeide_1.7.0/stm32cubeide/plugins/com.st.stm32cube.ide.mcu.externaltools.gnu-tools-for-stm32.9-2020-q2-update.win32_2.0.0.202105311346/tools/bin/../lib/gcc/arm-none-eabi/9.3.1/thumb/v7-m/nofp/crtbegin.o
 .text          0x0000000008000180       0x10 c:/st/stm32cubeide_1.7.0/stm32cubeide/plugins/com.st.stm32cube.ide.mcu.externaltools.gnu-tools-for-stm32.9-2020-q2-update.win32_2.0.0.202105311346/tools/bin/../lib/gcc/arm-none-eabi/9.3.1/../../../../arm-none-eabi/lib/thumb/v7-m/nofp\libc_nano.a(lib_a-strlen.o)
                0x0000000008000180                strlen
 .text          0x0000000008000190      0x378 c:/st/stm32cubeide_1.7.0/stm32cubeide/plugins/com.st.stm32cube.ide.mcu.externaltools.gnu-tools-for-stm32.9-2020-q2-update.win32_2.0.0.202105311346/tools/bin/../lib/gcc/arm-none-eabi/9.3.1/thumb/v7-m/nofp\libgcc.a(_arm_addsubdf3.o)
                0x0000000008000190                __aeabi_drsub
                0x0000000008000198                __aeabi_dsub
                0x0000000008000198                __subdf3
                0x000000000800019c                __aeabi_dadd
                0x000000000800019c                __adddf3
                0x0000000008000414                __floatunsidf
                0x0000000008000414                __aeabi_ui2d
                0x0000000008000434                __floatsidf
                0x0000000008000434                __aeabi_i2d
                0x0000000008000458                __aeabi_f2d
                0x0000000008000458                __extendsfdf2
                0x000000000800049c                __floatundidf
                0x000000000800049c                __aeabi_ul2d
                0x00000000080004ac                __floatdidf
                0x00000000080004ac                __aeabi_l2d
 .text          0x0000000008000508      0x424 c:/st/stm32cubeide_1.7.0/stm32cubeide/plugins/com.st.stm32cube.ide.mcu.externaltools.gnu-tools-for-stm32.9-2020-q2-update.win32_2.0.0.202105311346/tools/bin/../lib/gcc/arm-none-eabi/9.3.1/thumb/v7-m/nofp\libgcc.a(_arm_muldivdf3.o)
                0x0000000008000508                __aeabi_dmul
                0x0000000008000508                __muldf3
                0x000000000800075c                __divdf3
                0x000000000800075c                __aeabi_ddiv
 .text          0x000000000800092c      0x110 c:/st/stm32cubeide_1.7.0/stm32cubeide/plugins/com.st.stm32cube.ide.mcu.externaltools.gnu-tools-for-stm32.9-2020-q2-update.win32_2.0.0.202105311346/tools/bin/../lib/gcc/arm-none-eabi/9.3.1/thumb/v7-m/nofp\libgcc.a(_arm_cmpdf2.o)
                0x000000000800092c                __gtdf2
                0x000000000800092c                __gedf2
                0x0000000008000934                __ltdf2
                0x0000000008000934                __ledf2
                0x000000000800093c                __nedf2
                0x000000000800093c                __eqdf2
                0x000000000800093c                __cmpdf2
                0x00000000080009b8                __aeabi_cdrcmple
                0x00000000080009c8                __aeabi_cdcmpeq
                0x00000000080009c8                __aeabi_cdcmple
                0x00000000080009d8                __aeabi_dcmpeq
                0x00000000080009ec                __aeabi_dcmplt
                0x0000000008000a00                __aeabi_dcmple
                0x0000000008000a14                __aeabi_dcmpge
                0x0000000008000a28                __aeabi_dcmpgt
 .text          0x0000000008000a3c       0x2c c:/st/stm32cubeide_1.7.0/stm32cubeide/plugins/com.st.stm32cube.ide.mcu.externaltools.gnu-tools-for-stm32.9-2020-q2-update.win32_2.0.0.202105311346/tools/bin/../lib/gcc/arm-none-eabi/9.3.1/thumb/v7-m/nofp\libgcc.a(_arm_unorddf2.o)
                0x0000000008000a3c                __unorddf2
                0x0000000008000a3c                __aeabi_dcmpun
 .text          0x0000000008000a68       0x50 c:/st/stm32cubeide_1.7.0/stm32cubeide/plugins/com.st.stm32cube.ide.mcu.externaltools.gnu-tools-for-stm32.9-2020-q2-update.win32_2.0.0.202105311346/tools/bin/../lib/gcc/arm-none-eabi/9.3.1/thumb/v7-m/nofp\libgcc.a(_arm_fixdfsi.o)
                0x0000000008000a68                __aeabi_d2iz
                0x0000000008000a68                __fixdfsi
 .text          0x0000000008000ab8       0xa0 c:/st/stm32cubeide_1.7.0/stm32cubeide/plugins/com.st.stm32cube.ide.mcu.externaltools.gnu-tools-for-stm32.9-2020-q2-update.win32_2.0.0.202105311346/tools/bin/../lib/gcc/arm-none-eabi/9.3.1/thumb/v7-m/nofp\libgcc.a(_arm_truncdfsf2.o)
                0x0000000008000ab8                __truncdfsf2
                0x0000000008000ab8                __aeabi_d2f
 .text          0x0000000008000b58      0x21c c:/st/stm32cubeide_1.7.0/stm32cubeide/plugins/com.st.stm32cube.ide.mcu.externaltools.gnu-tools-for-stm32.9-2020-q2-update.win32_2.0.0.202105311346/tools/bin/../lib/gcc/arm-none-eabi/9.3.1/thumb/v7-m/nofp\libgcc.a(_arm_addsubsf3.o)
                0x0000000008000b58                __aeabi_frsub
                0x0000000008000b60                __subsf3
                0x0000000008000b60                __aeabi_fsub
                0x0000000008000b64                __aeabi_fadd
                0x0000000008000b64                __addsf3
                0x0000000008000cc4                __aeabi_ui2f
                0x0000000008000cc4                __floatunsisf
                0x0000000008000ccc                __aeabi_i2f
                0x0000000008000ccc                __floatsisf
                0x0000000008000ce8                __aeabi_ul2f
                0x0000000008000ce8                __floatundisf
                0x0000000008000cf8                __aeabi_l2f
                0x0000000008000cf8                __floatdisf
 .text          0x0000000008000d74      0x2a0 c:/st/stm32cubeide_1.7.0/stm32cubeide/plugins/com.st.stm32cube.ide.mcu.externaltools.gnu-tools-for-stm32.9-2020-q2-update.win32_2.0.0.202105311346/tools/bin/../lib/gcc/arm-none-eabi/9.3.1/thumb/v7-m/nofp\libgcc.a(_arm_muldivsf3.o)
                0x0000000008000d74                __mulsf3
                0x0000000008000d74                __aeabi_fmul
                0x0000000008000edc                __aeabi_fdiv
                0x0000000008000edc                __divsf3
 .text          0x0000000008001014       0xec c:/st/stm32cubeide_1.7.0/stm32cubeide/plugins/com.st.stm32cube.ide.mcu.externaltools.gnu-tools-for-stm32.9-2020-q2-update.win32_2.0.0.202105311346/tools/bin/../lib/gcc/arm-none-eabi/9.3.1/thumb/v7-m/nofp\libgcc.a(_arm_cmpsf2.o)
                0x0000000008001014                __gesf2
                0x0000000008001014                __gtsf2
                0x000000000800101c                __lesf2
                0x000000000800101c                __ltsf2
                0x0000000008001024                __nesf2
                0x0000000008001024                __eqsf2
                0x0000000008001024                __cmpsf2
                0x0000000008001084                __aeabi_cfrcmple
                0x000000000800108c                __aeabi_cfcmpeq
                0x000000000800108c                __aeabi_cfcmple
                0x000000000800109c                __aeabi_fcmpeq
                0x00000000080010b0                __aeabi_fcmplt
                0x00000000080010c4                __aeabi_fcmple
                0x00000000080010d8                __aeabi_fcmpge
                0x00000000080010ec                __aeabi_fcmpgt
 .text          0x0000000008001100       0x30 c:/st/stm32cubeide_1.7.0/stm32cubeide/plugins/com.st.stm32cube.ide.mcu.externaltools.gnu-tools-for-stm32.9-2020-q2-update.win32_2.0.0.202105311346/tools/bin/../lib/gcc/arm-none-eabi/9.3.1/thumb/v7-m/nofp\libgcc.a(_aeabi_uldivmod.o)
                0x0000000008001100                __aeabi_uldivmod
 .text          0x0000000008001130      0x2c4 c:/st/stm32cubeide_1.7.0/stm32cubeide/plugins/com.st.stm32cube.ide.mcu.externaltools.gnu-tools-for-stm32.9-2020-q2-update.win32_2.0.0.202105311346/tools/bin/../lib/gcc/arm-none-eabi/9.3.1/thumb/v7-m/nofp\libgcc.a(_udivmoddi4.o)
                0x0000000008001130                __udivmoddi4
 .text          0x00000000080013f4        0x4 c:/st/stm32cubeide_1.7.0/stm32cubeide/plugins/com.st.stm32cube.ide.mcu.externaltools.gnu-tools-for-stm32.9-2020-q2-update.win32_2.0.0.202105311346/tools/bin/../lib/gcc/arm-none-eabi/9.3.1/thumb/v7-m/nofp\libgcc.a(_dvmd_tls.o)
                0x00000000080013f4                __aeabi_idiv0
                0x00000000080013f4                __aeabi_ldiv0
 *(.text*)
 .text._ZN9__gnu_cxx5__ops16__iter_less_iterEv
                0x00000000080013f8        0xc ./Core/Src/CHX01ToF.o
                0x00000000080013f8                __gnu_cxx::__ops::__iter_less_iter()
 .text._ZN9__gnu_cxx5__ops14_Iter_less_valC2ENS0_15_Iter_less_iterE
                0x0000000008001404       0x16 ./Core/Src/CHX01ToF.o
                0x0000000008001404                __gnu_cxx::__ops::_Iter_less_val::_Iter_less_val(__gnu_cxx::__ops::_Iter_less_iter)
                0x0000000008001404                __gnu_cxx::__ops::_Iter_less_val::_Iter_less_val(__gnu_cxx::__ops::_Iter_less_iter)
 .text._ZN9__gnu_cxx5__ops15__val_comp_iterENS0_15_Iter_less_iterE
                0x000000000800141a       0x12 ./Core/Src/CHX01ToF.o
                0x000000000800141a                __gnu_cxx::__ops::__val_comp_iter(__gnu_cxx::__ops::_Iter_less_iter)
 .text._ZSt4__lgi
                0x000000000800142c       0x1c ./Core/Src/CHX01ToF.o
                0x000000000800142c                std::__lg(int)
 .text._ZN9CHX01_ToFC2EP5I2c3nP6Gpio3nS3_S3_S3_9IRQn_Typet
                0x0000000008001448       0x90 ./Core/Src/CHX01ToF.o
                0x0000000008001448                CHX01_ToF::CHX01_ToF(I2c3n*, Gpio3n*, Gpio3n*, Gpio3n*, Gpio3n*, IRQn_Type, unsigned short)
                0x0000000008001448                CHX01_ToF::CHX01_ToF(I2c3n*, Gpio3n*, Gpio3n*, Gpio3n*, Gpio3n*, IRQn_Type, unsigned short)
 .text._ZN9CHX01_ToF4initEtttff
                0x00000000080014d8       0x80 ./Core/Src/CHX01ToF.o
                0x00000000080014d8                CHX01_ToF::init(unsigned short, unsigned short, unsigned short, float, float)
 .text._ZN9CHX01_ToF14handleCallBackEt
                0x0000000008001558       0x2c ./Core/Src/CHX01ToF.o
                0x0000000008001558                CHX01_ToF::handleCallBack(unsigned short)
 .text._ZN9CHX01_ToF8readDistE11tdeDistUnit
                0x0000000008001584      0x114 ./Core/Src/CHX01ToF.o
                0x0000000008001584                CHX01_ToF::readDist(tdeDistUnit)
 .text._ZN9CHX01_ToF14readDistMedianE11tdeDistUnitht
                0x0000000008001698      0x148 ./Core/Src/CHX01ToF.o
                0x0000000008001698                CHX01_ToF::readDistMedian(tdeDistUnit, unsigned char, unsigned short)
 .text._ZN9CHX01_ToF15__convertToUnitEf11tdeDistUnit
                0x00000000080017e0       0xac ./Core/Src/CHX01ToF.o
                0x00000000080017e0                CHX01_ToF::__convertToUnit(float, tdeDistUnit)
 .text._ZN9CHX01_ToF12enableFilterEb
                0x000000000800188c       0x2a ./Core/Src/CHX01ToF.o
                0x000000000800188c                CHX01_ToF::enableFilter(bool)
 .text._ZNK9CHX01_ToF17isFilteredEnabledEv
                0x00000000080018b6       0x16 ./Core/Src/CHX01ToF.o
                0x00000000080018b6                CHX01_ToF::isFilteredEnabled() const
 .text._ZN9CHX01_ToF17setFilterConstantEf
                0x00000000080018cc       0x1a ./Core/Src/CHX01ToF.o
                0x00000000080018cc                CHX01_ToF::setFilterConstant(float)
 .text._ZN9CHX01_ToF9setOffsetEf
                0x00000000080018e6       0x1a ./Core/Src/CHX01ToF.o
                0x00000000080018e6                CHX01_ToF::setOffset(float)
 .text._ZN9CHX01_ToF14setScaleFactorEf
                0x0000000008001900       0x1a ./Core/Src/CHX01ToF.o
                0x0000000008001900                CHX01_ToF::setScaleFactor(float)
 .text._ZSt4sortIPfEvT_S1_
                0x000000000800191a       0x20 ./Core/Src/CHX01ToF.o
                0x000000000800191a                void std::sort<float*>(float*, float*)
 .text._ZSt6__sortIPfN9__gnu_cxx5__ops15_Iter_less_iterEEvT_S4_T0_
                0x000000000800193a       0x42 ./Core/Src/CHX01ToF.o
                0x000000000800193a                void std::__sort<float*, __gnu_cxx::__ops::_Iter_less_iter>(float*, float*, __gnu_cxx::__ops::_Iter_less_iter)
 .text._ZSt16__introsort_loopIPfiN9__gnu_cxx5__ops15_Iter_less_iterEEvT_S4_T0_T1_
                0x000000000800197c       0x56 ./Core/Src/CHX01ToF.o
                0x000000000800197c                void std::__introsort_loop<float*, int, __gnu_cxx::__ops::_Iter_less_iter>(float*, float*, int, __gnu_cxx::__ops::_Iter_less_iter)
 .text._ZSt22__final_insertion_sortIPfN9__gnu_cxx5__ops15_Iter_less_iterEEvT_S4_T0_
                0x00000000080019d2       0x46 ./Core/Src/CHX01ToF.o
                0x00000000080019d2                void std::__final_insertion_sort<float*, __gnu_cxx::__ops::_Iter_less_iter>(float*, float*, __gnu_cxx::__ops::_Iter_less_iter)
 .text._ZSt14__partial_sortIPfN9__gnu_cxx5__ops15_Iter_less_iterEEvT_S4_S4_T0_
                0x0000000008001a18       0x2e ./Core/Src/CHX01ToF.o
                0x0000000008001a18                void std::__partial_sort<float*, __gnu_cxx::__ops::_Iter_less_iter>(float*, float*, float*, __gnu_cxx::__ops::_Iter_less_iter)
 .text._ZSt27__unguarded_partition_pivotIPfN9__gnu_cxx5__ops15_Iter_less_iterEET_S4_S4_T0_
                0x0000000008001a46       0x4e ./Core/Src/CHX01ToF.o
                0x0000000008001a46                float* std::__unguarded_partition_pivot<float*, __gnu_cxx::__ops::_Iter_less_iter>(float*, float*, __gnu_cxx::__ops::_Iter_less_iter)
 .text._ZSt16__insertion_sortIPfN9__gnu_cxx5__ops15_Iter_less_iterEEvT_S4_T0_
                0x0000000008001a94       0x80 ./Core/Src/CHX01ToF.o
                0x0000000008001a94                void std::__insertion_sort<float*, __gnu_cxx::__ops::_Iter_less_iter>(float*, float*, __gnu_cxx::__ops::_Iter_less_iter)
 .text._ZSt26__unguarded_insertion_sortIPfN9__gnu_cxx5__ops15_Iter_less_iterEEvT_S4_T0_
                0x0000000008001b14       0x36 ./Core/Src/CHX01ToF.o
                0x0000000008001b14                void std::__unguarded_insertion_sort<float*, __gnu_cxx::__ops::_Iter_less_iter>(float*, float*, __gnu_cxx::__ops::_Iter_less_iter)
 .text._ZSt13__heap_selectIPfN9__gnu_cxx5__ops15_Iter_less_iterEEvT_S4_S4_T0_
                0x0000000008001b4a       0x54 ./Core/Src/CHX01ToF.o
                0x0000000008001b4a                void std::__heap_select<float*, __gnu_cxx::__ops::_Iter_less_iter>(float*, float*, float*, __gnu_cxx::__ops::_Iter_less_iter)
 .text._ZSt11__sort_heapIPfN9__gnu_cxx5__ops15_Iter_less_iterEEvT_S4_RT0_
                0x0000000008001b9e       0x32 ./Core/Src/CHX01ToF.o
                0x0000000008001b9e                void std::__sort_heap<float*, __gnu_cxx::__ops::_Iter_less_iter>(float*, float*, __gnu_cxx::__ops::_Iter_less_iter&)
 .text._ZNK9__gnu_cxx5__ops15_Iter_less_iterclIPfS3_EEbT_T0_
                0x0000000008001bd0       0x34 ./Core/Src/CHX01ToF.o
                0x0000000008001bd0                bool __gnu_cxx::__ops::_Iter_less_iter::operator()<float*, float*>(float*, float*) const
 .text._ZSt22__move_median_to_firstIPfN9__gnu_cxx5__ops15_Iter_less_iterEEvT_S4_S4_S4_T0_
                0x0000000008001c04       0xaa ./Core/Src/CHX01ToF.o
                0x0000000008001c04                void std::__move_median_to_first<float*, __gnu_cxx::__ops::_Iter_less_iter>(float*, float*, float*, float*, __gnu_cxx::__ops::_Iter_less_iter)
 .text._ZSt21__unguarded_partitionIPfN9__gnu_cxx5__ops15_Iter_less_iterEET_S4_S4_S4_T0_
                0x0000000008001cae       0x6c ./Core/Src/CHX01ToF.o
                0x0000000008001cae                float* std::__unguarded_partition<float*, __gnu_cxx::__ops::_Iter_less_iter>(float*, float*, float*, __gnu_cxx::__ops::_Iter_less_iter)
 .text._ZSt4moveIRfEONSt16remove_referenceIT_E4typeEOS2_
                0x0000000008001d1a       0x14 ./Core/Src/CHX01ToF.o
                0x0000000008001d1a                std::remove_reference<float&>::type&& std::move<float&>(float&)
 .text._ZSt13move_backwardIPfS0_ET0_T_S2_S1_
                0x0000000008001d2e       0x30 ./Core/Src/CHX01ToF.o
                0x0000000008001d2e                float* std::move_backward<float*, float*>(float*, float*, float*)
 .text._ZSt25__unguarded_linear_insertIPfN9__gnu_cxx5__ops14_Val_less_iterEEvT_T0_
                0x0000000008001d5e       0x68 ./Core/Src/CHX01ToF.o
                0x0000000008001d5e                void std::__unguarded_linear_insert<float*, __gnu_cxx::__ops::_Val_less_iter>(float*, __gnu_cxx::__ops::_Val_less_iter)
 .text._ZSt11__make_heapIPfN9__gnu_cxx5__ops15_Iter_less_iterEEvT_S4_RT0_
                0x0000000008001dc6       0x76 ./Core/Src/CHX01ToF.o
                0x0000000008001dc6                void std::__make_heap<float*, __gnu_cxx::__ops::_Iter_less_iter>(float*, float*, __gnu_cxx::__ops::_Iter_less_iter&)
 .text._ZSt10__pop_heapIPfN9__gnu_cxx5__ops15_Iter_less_iterEEvT_S4_S4_RT0_
                0x0000000008001e3c       0x56 ./Core/Src/CHX01ToF.o
                0x0000000008001e3c                void std::__pop_heap<float*, __gnu_cxx::__ops::_Iter_less_iter>(float*, float*, float*, __gnu_cxx::__ops::_Iter_less_iter&)
 .text._ZSt9iter_swapIPfS0_EvT_T0_
                0x0000000008001e92       0x1a ./Core/Src/CHX01ToF.o
                0x0000000008001e92                void std::iter_swap<float*, float*>(float*, float*)
 .text._ZSt12__miter_baseIPfET_S1_
                0x0000000008001eac       0x14 ./Core/Src/CHX01ToF.o
                0x0000000008001eac                float* std::__miter_base<float*>(float*)
 .text._ZSt23__copy_move_backward_a2ILb1EPfS0_ET1_T0_S2_S1_
                0x0000000008001ec0       0x46 ./Core/Src/CHX01ToF.o
                0x0000000008001ec0                float* std::__copy_move_backward_a2<true, float*, float*>(float*, float*, float*)
 .text._ZNK9__gnu_cxx5__ops14_Val_less_iterclIfPfEEbRT_T0_
                0x0000000008001f06       0x34 ./Core/Src/CHX01ToF.o
                0x0000000008001f06                bool __gnu_cxx::__ops::_Val_less_iter::operator()<float, float*>(float&, float*) const
 .text._ZSt13__adjust_heapIPfifN9__gnu_cxx5__ops15_Iter_less_iterEEvT_T0_S5_T1_T2_
                0x0000000008001f3a      0x104 ./Core/Src/CHX01ToF.o
                0x0000000008001f3a                void std::__adjust_heap<float*, int, float, __gnu_cxx::__ops::_Iter_less_iter>(float*, int, int, float, __gnu_cxx::__ops::_Iter_less_iter)
 .text._ZSt4swapIfENSt9enable_ifIXsrSt6__and_IJSt6__not_ISt15__is_tuple_likeIT_EESt21is_move_constructibleIS4_ESt18is_move_assignableIS4_EEE5valueEvE4typeERS4_SE_
                0x000000000800203e       0x3e ./Core/Src/CHX01ToF.o
                0x000000000800203e                std::enable_if<std::__and_<std::__not_<std::__is_tuple_like<float> >, std::is_move_constructible<float>, std::is_move_assignable<float> >::value, void>::type std::swap<float>(float&, float&)
 .text._ZSt12__niter_baseIPfET_S1_
                0x000000000800207c       0x14 ./Core/Src/CHX01ToF.o
                0x000000000800207c                float* std::__niter_base<float*>(float*)
 .text._ZSt22__copy_move_backward_aILb1EPfS0_ET1_T0_S2_S1_
                0x0000000008002090       0x24 ./Core/Src/CHX01ToF.o
                0x0000000008002090                float* std::__copy_move_backward_a<true, float*, float*>(float*, float*, float*)
 .text._ZSt12__niter_wrapIPfET_RKS1_S1_
                0x00000000080020b4       0x16 ./Core/Src/CHX01ToF.o
                0x00000000080020b4                float* std::__niter_wrap<float*>(float* const&, float*)
 .text._ZSt4moveIRN9__gnu_cxx5__ops15_Iter_less_iterEEONSt16remove_referenceIT_E4typeEOS5_
                0x00000000080020ca       0x14 ./Core/Src/CHX01ToF.o
                0x00000000080020ca                std::remove_reference<__gnu_cxx::__ops::_Iter_less_iter&>::type&& std::move<__gnu_cxx::__ops::_Iter_less_iter&>(__gnu_cxx::__ops::_Iter_less_iter&)
 .text._ZSt11__push_heapIPfifN9__gnu_cxx5__ops14_Iter_less_valEEvT_T0_S5_T1_RT2_
                0x00000000080020de       0x90 ./Core/Src/CHX01ToF.o
                0x00000000080020de                void std::__push_heap<float*, int, float, __gnu_cxx::__ops::_Iter_less_val>(float*, int, int, float, __gnu_cxx::__ops::_Iter_less_val&)
 .text._ZNSt20__copy_move_backwardILb1ELb1ESt26random_access_iterator_tagE13__copy_move_bIfEEPT_PKS3_S6_S4_
                0x000000000800216e       0x44 ./Core/Src/CHX01ToF.o
                0x000000000800216e                float* std::__copy_move_backward<true, true, std::random_access_iterator_tag>::__copy_move_b<float>(float const*, float const*, float*)
 .text._ZNK9__gnu_cxx5__ops14_Iter_less_valclIPffEEbT_RT0_
                0x00000000080021b2       0x34 ./Core/Src/CHX01ToF.o
                0x00000000080021b2                bool __gnu_cxx::__ops::_Iter_less_val::operator()<float*, float>(float*, float&) const
 *fill*         0x00000000080021e6        0x2 
 .text._Z41__static_initialization_and_destruction_0ii
                0x00000000080021e8       0x80 ./Core/Src/CHX01ToF.o
 .text._GLOBAL__sub_I_RST_PIN
                0x0000000008002268       0x10 ./Core/Src/CHX01ToF.o
 .text.MX_GPIO_Init
                0x0000000008002278       0xac ./Core/Src/gpio.o
                0x0000000008002278                MX_GPIO_Init
 .text.MX_I2C1_Init
                0x0000000008002324       0x5c ./Core/Src/i2c.o
                0x0000000008002324                MX_I2C1_Init
 .text.MX_I2C2_Init
                0x0000000008002380       0x5c ./Core/Src/i2c.o
                0x0000000008002380                MX_I2C2_Init
 .text.HAL_I2C_MspInit
                0x00000000080023dc      0x10c ./Core/Src/i2c.o
                0x00000000080023dc                HAL_I2C_MspInit
 .text.HAL_I2C_MspDeInit
                0x00000000080024e8       0x80 ./Core/Src/i2c.o
                0x00000000080024e8                HAL_I2C_MspDeInit
 .text.main     0x0000000008002568       0xfc ./Core/Src/main.o
                0x0000000008002568                main
 .text._Z18SystemClock_Configv
                0x0000000008002664       0xa0 ./Core/Src/main.o
                0x0000000008002664                SystemClock_Config()
 .text.Error_Handler
                0x0000000008002704        0xa ./Core/Src/main.o
                0x0000000008002704                Error_Handler
 *fill*         0x000000000800270e        0x2 
 .text._Z41__static_initialization_and_destruction_0ii
                0x0000000008002710       0x34 ./Core/Src/main.o
 .text._GLOBAL__sub_I_i2c_com2
                0x0000000008002744       0x10 ./Core/Src/main.o
 .text.HAL_MspInit
                0x0000000008002754       0x5c ./Core/Src/stm32l1xx_hal_msp.o
                0x0000000008002754                HAL_MspInit
 .text.NMI_Handler
                0x00000000080027b0        0x6 ./Core/Src/stm32l1xx_it.o
                0x00000000080027b0                NMI_Handler
 .text.HardFault_Handler
                0x00000000080027b6        0x6 ./Core/Src/stm32l1xx_it.o
                0x00000000080027b6                HardFault_Handler
 .text.MemManage_Handler
                0x00000000080027bc        0x6 ./Core/Src/stm32l1xx_it.o
                0x00000000080027bc                MemManage_Handler
 .text.BusFault_Handler
                0x00000000080027c2        0x6 ./Core/Src/stm32l1xx_it.o
                0x00000000080027c2                BusFault_Handler
 .text.UsageFault_Handler
                0x00000000080027c8        0x6 ./Core/Src/stm32l1xx_it.o
                0x00000000080027c8                UsageFault_Handler
 .text.SVC_Handler
                0x00000000080027ce        0xc ./Core/Src/stm32l1xx_it.o
                0x00000000080027ce                SVC_Handler
 .text.DebugMon_Handler
                0x00000000080027da        0xc ./Core/Src/stm32l1xx_it.o
                0x00000000080027da                DebugMon_Handler
 .text.PendSV_Handler
                0x00000000080027e6        0xc ./Core/Src/stm32l1xx_it.o
                0x00000000080027e6                PendSV_Handler
 .text.SysTick_Handler
                0x00000000080027f2        0xc ./Core/Src/stm32l1xx_it.o
                0x00000000080027f2                SysTick_Handler
 *fill*         0x00000000080027fe        0x2 
 .text.EXTI0_IRQHandler
                0x0000000008002800       0x34 ./Core/Src/stm32l1xx_it.o
                0x0000000008002800                EXTI0_IRQHandler
 .text.I2C1_EV_IRQHandler
                0x0000000008002834       0x14 ./Core/Src/stm32l1xx_it.o
                0x0000000008002834                I2C1_EV_IRQHandler
 .text.I2C2_EV_IRQHandler
                0x0000000008002848       0x14 ./Core/Src/stm32l1xx_it.o
                0x0000000008002848                I2C2_EV_IRQHandler
 .text._getpid  0x000000000800285c        0xe ./Core/Src/syscalls.o
                0x000000000800285c                _getpid
 .text._kill    0x000000000800286a       0x20 ./Core/Src/syscalls.o
                0x000000000800286a                _kill
 .text._exit    0x000000000800288a       0x14 ./Core/Src/syscalls.o
                0x000000000800288a                _exit
 .text._read    0x000000000800289e       0x3a ./Core/Src/syscalls.o
                0x000000000800289e                _read
 .text._write   0x00000000080028d8       0x38 ./Core/Src/syscalls.o
                0x00000000080028d8                _write
 .text._close   0x0000000008002910       0x16 ./Core/Src/syscalls.o
                0x0000000008002910                _close
 .text._fstat   0x0000000008002926       0x1e ./Core/Src/syscalls.o
                0x0000000008002926                _fstat
 .text._isatty  0x0000000008002944       0x14 ./Core/Src/syscalls.o
                0x0000000008002944                _isatty
 .text._lseek   0x0000000008002958       0x18 ./Core/Src/syscalls.o
                0x0000000008002958                _lseek
 .text._sbrk    0x0000000008002970       0x6c ./Core/Src/sysmem.o
                0x0000000008002970                _sbrk
 .text.MX_TIM4_Init
                0x00000000080029dc       0x9c ./Core/Src/tim.o
                0x00000000080029dc                MX_TIM4_Init
 .text.HAL_TIM_Base_MspInit
                0x0000000008002a78       0x3c ./Core/Src/tim.o
                0x0000000008002a78                HAL_TIM_Base_MspInit
 .text.MX_USART1_UART_Init
                0x0000000008002ab4       0x54 ./Core/Src/usart.o
                0x0000000008002ab4                MX_USART1_UART_Init
 .text.HAL_UART_MspInit
                0x0000000008002b08       0x88 ./Core/Src/usart.o
                0x0000000008002b08                HAL_UART_MspInit
 .text._Z10COM_Configy
                0x0000000008002b90       0x26 ./Core/Src/Chirp/ch_com.o
                0x0000000008002b90                COM_Config(unsigned long long)
 .text._Z16COM_WriteRegProght
                0x0000000008002bb6       0x6a ./Core/Src/Chirp/ch_com.o
                0x0000000008002bb6                COM_WriteRegProg(unsigned char, unsigned short)
 .text._Z15COM_WriteRegApphhtt
                0x0000000008002c20       0x6e ./Core/Src/Chirp/ch_com.o
                0x0000000008002c20                COM_WriteRegApp(unsigned char, unsigned char, unsigned short, unsigned short)
 .text._Z12COM_WriteMemttt
                0x0000000008002c8e       0x78 ./Core/Src/Chirp/ch_com.o
                0x0000000008002c8e                COM_WriteMem(unsigned short, unsigned short, unsigned short)
 .text._Z17COM_WriteMemBursttPKht
                0x0000000008002d06       0x80 ./Core/Src/Chirp/ch_com.o
                0x0000000008002d06                COM_WriteMemBurst(unsigned short, unsigned char const*, unsigned short)
 .text._Z11COM_ReadReghhPtt
                0x0000000008002d86       0x7c ./Core/Src/Chirp/ch_com.o
                0x0000000008002d86                COM_ReadReg(unsigned char, unsigned char, unsigned short*, unsigned short)
 *fill*         0x0000000008002e02        0x2 
 .text._Z16DRV_FWLoad_CH101v
                0x0000000008002e04      0x154 ./Core/Src/Chirp/ch_drv_ch101.o
                0x0000000008002e04                DRV_FWLoad_CH101()
 .text._Z21DRV_WaitForLock_CH101t
                0x0000000008002f58       0x90 ./Core/Src/Chirp/ch_drv_ch101.o
                0x0000000008002f58                DRV_WaitForLock_CH101(unsigned short)
 .text._Z17DRV_MeasRTC_CH101v
                0x0000000008002fe8      0x150 ./Core/Src/Chirp/ch_drv_ch101.o
                0x0000000008002fe8                DRV_MeasRTC_CH101()
 .text._Z17DRV_SetMode_CH101h
                0x0000000008003138       0xc8 ./Core/Src/Chirp/ch_drv_ch101.o
                0x0000000008003138                DRV_SetMode_CH101(unsigned char)
 .text._Z21DRV_SetMaxRange_CH101t
                0x0000000008003200       0x48 ./Core/Src/Chirp/ch_drv_ch101.o
                0x0000000008003200                DRV_SetMaxRange_CH101(unsigned short)
 .text._Z24DRV_SetStaticRange_CH101t
                0x0000000008003248       0x4c ./Core/Src/Chirp/ch_drv_ch101.o
                0x0000000008003248                DRV_SetStaticRange_CH101(unsigned short)
 .text._Z27DRV_SetSampleInterval_CH101t
                0x0000000008003294       0xa8 ./Core/Src/Chirp/ch_drv_ch101.o
                0x0000000008003294                DRV_SetSampleInterval_CH101(unsigned short)
 .text._ZL21DRV_mmToSamples_CH101t
                0x000000000800333c       0x70 ./Core/Src/Chirp/ch_drv_ch101.o
 .text._Z18DRV_GetRange_CH101v
                0x00000000080033ac       0x7c ./Core/Src/Chirp/ch_drv_ch101.o
                0x00000000080033ac                DRV_GetRange_CH101()
 .text._Z22DRV_GetAmplitude_CH101v
                0x0000000008003428       0x38 ./Core/Src/Chirp/ch_drv_ch101.o
                0x0000000008003428                DRV_GetAmplitude_CH101()
 .text._ZL20DRV_GenPulseMS_CH101t
                0x0000000008003460       0x70 ./Core/Src/Chirp/ch_drv_ch101.o
 .text._Z16DRV_FWLoad_CH201v
                0x00000000080034d0      0x154 ./Core/Src/Chirp/ch_drv_ch201.o
                0x00000000080034d0                DRV_FWLoad_CH201()
 .text._Z21DRV_WaitForLock_CH201t
                0x0000000008003624       0x90 ./Core/Src/Chirp/ch_drv_ch201.o
                0x0000000008003624                DRV_WaitForLock_CH201(unsigned short)
 .text._Z17DRV_MeasRTC_CH201v
                0x00000000080036b4      0x118 ./Core/Src/Chirp/ch_drv_ch201.o
                0x00000000080036b4                DRV_MeasRTC_CH201()
 .text._Z17DRV_SetMode_CH201h
                0x00000000080037cc       0xc8 ./Core/Src/Chirp/ch_drv_ch201.o
                0x00000000080037cc                DRV_SetMode_CH201(unsigned char)
 .text._Z21DRV_SetMaxRange_CH201t
                0x0000000008003894       0x50 ./Core/Src/Chirp/ch_drv_ch201.o
                0x0000000008003894                DRV_SetMaxRange_CH201(unsigned short)
 .text._Z27DRV_SetSampleInterval_CH201t
                0x00000000080038e4       0xa8 ./Core/Src/Chirp/ch_drv_ch201.o
                0x00000000080038e4                DRV_SetSampleInterval_CH201(unsigned short)
 .text._Z23DRV_SetThresholds_CH201P15ch_thresholds_t
                0x000000000800398c       0xc4 ./Core/Src/Chirp/ch_drv_ch201.o
                0x000000000800398c                DRV_SetThresholds_CH201(ch_thresholds_t*)
 .text._ZL21DRV_mmToSamples_CH201t
                0x0000000008003a50       0x78 ./Core/Src/Chirp/ch_drv_ch201.o
 .text._Z18DRV_GetRange_CH201v
                0x0000000008003ac8       0x78 ./Core/Src/Chirp/ch_drv_ch201.o
                0x0000000008003ac8                DRV_GetRange_CH201()
 .text._Z22DRV_GetAmplitude_CH201v
                0x0000000008003b40       0x38 ./Core/Src/Chirp/ch_drv_ch201.o
                0x0000000008003b40                DRV_GetAmplitude_CH201()
 .text._ZL20DRV_GenPulseMS_CH201t
                0x0000000008003b78       0x70 ./Core/Src/Chirp/ch_drv_ch201.o
 .text._Z11CH_API_Initt
                0x0000000008003be8      0x168 ./Core/Src/Chirp/ch_lib.o
                0x0000000008003be8                CH_API_Init(unsigned short)
 .text._Z13CH_API_Confightt
                0x0000000008003d50      0x148 ./Core/Src/Chirp/ch_lib.o
                0x0000000008003d50                CH_API_Config(unsigned char, unsigned short, unsigned short)
 .text._Z16CH_API_MeasStartv
                0x0000000008003e98       0x40 ./Core/Src/Chirp/ch_lib.o
                0x0000000008003e98                CH_API_MeasStart()
 .text._Z16CH_API_GetResultP14chirp_result_t
                0x0000000008003ed8       0xb0 ./Core/Src/Chirp/ch_lib.o
                0x0000000008003ed8                CH_API_GetResult(chirp_result_t*)
 .text.HAL_GPIO_EXTI_Callback
                0x0000000008003f88       0x1a ./Core/Src/Chirp/usr_bsp.o
                0x0000000008003f88                HAL_GPIO_EXTI_Callback
 *fill*         0x0000000008003fa2        0x2 
 .text._Z14USR_IntrEnablev
                0x0000000008003fa4       0x18 ./Core/Src/Chirp/usr_bsp.o
                0x0000000008003fa4                USR_IntrEnable()
 .text._Z15USR_IntrDisablev
                0x0000000008003fbc       0x20 ./Core/Src/Chirp/usr_bsp.o
                0x0000000008003fbc                USR_IntrDisable()
 .text._Z23USR_IntrCallbackRefreshv
                0x0000000008003fdc       0x18 ./Core/Src/Chirp/usr_bsp.o
                0x0000000008003fdc                USR_IntrCallbackRefresh()
 .text._Z13USR_GPIO_Initv
                0x0000000008003ff4       0x5c ./Core/Src/Chirp/usr_bsp.o
                0x0000000008003ff4                USR_GPIO_Init()
 .text._Z12USR_GPIO_SetP6Gpio3nh
                0x0000000008004050       0x38 ./Core/Src/Chirp/usr_bsp.o
                0x0000000008004050                USR_GPIO_Set(Gpio3n*, unsigned char)
 .text._Z15USR_GPIO_SetDirP6Gpio3nh
                0x0000000008004088       0x44 ./Core/Src/Chirp/usr_bsp.o
                0x0000000008004088                USR_GPIO_SetDir(Gpio3n*, unsigned char)
 .text._Z20USR_GPIO_SetPullDownP6Gpio3n
                0x00000000080040cc       0x20 ./Core/Src/Chirp/usr_bsp.o
                0x00000000080040cc                USR_GPIO_SetPullDown(Gpio3n*)
 .text._Z10USR_WaitMSt
                0x00000000080040ec       0x1a ./Core/Src/Chirp/usr_bsp.o
                0x00000000080040ec                USR_WaitMS(unsigned short)
 .text._Z14USR_I2C_Configy
                0x0000000008004106       0x16 ./Core/Src/Chirp/usr_i2c.o
                0x0000000008004106                USR_I2C_Config(unsigned long long)
 .text._Z13USR_I2C_WritehPKht
                0x000000000800411c       0x4c ./Core/Src/Chirp/usr_i2c.o
                0x000000000800411c                USR_I2C_Write(unsigned char, unsigned char const*, unsigned short)
 .text._Z12USR_I2C_ReadhPhtS_t
                0x0000000008004168       0x74 ./Core/Src/Chirp/usr_i2c.o
                0x0000000008004168                USR_I2C_Read(unsigned char, unsigned char*, unsigned short, unsigned char*, unsigned short)
 .text._ZN6Gpio3nC2Ev
                0x00000000080041dc       0x20 ./Core/Src/ForusDrivers/PAL_STM32CubeL1.o
                0x00000000080041dc                Gpio3n::Gpio3n()
                0x00000000080041dc                Gpio3n::Gpio3n()
 .text._ZN11GpioStm32L1C2E15tdeGpioPortNameh
                0x00000000080041fc      0x1ec ./Core/Src/ForusDrivers/PAL_STM32CubeL1.o
                0x00000000080041fc                GpioStm32L1::GpioStm32L1(tdeGpioPortName, unsigned char)
                0x00000000080041fc                GpioStm32L1::GpioStm32L1(tdeGpioPortName, unsigned char)
 .text._ZN11GpioStm32L17setModeE11tdeGpioMode12tdeGpioStateP12tdeErrorCode
                0x00000000080043e8      0x10c ./Core/Src/ForusDrivers/PAL_STM32CubeL1.o
                0x00000000080043e8                GpioStm32L1::setMode(tdeGpioMode, tdeGpioState, tdeErrorCode*)
 .text._ZN11GpioStm32L19setOutputE12tdeGpioStateP12tdeErrorCode
                0x00000000080044f4       0x5e ./Core/Src/ForusDrivers/PAL_STM32CubeL1.o
                0x00000000080044f4                GpioStm32L1::setOutput(tdeGpioState, tdeErrorCode*)
 .text._ZN11GpioStm32L115setOutputToggleEP12tdeErrorCode
                0x0000000008004552       0x5a ./Core/Src/ForusDrivers/PAL_STM32CubeL1.o
                0x0000000008004552                GpioStm32L1::setOutputToggle(tdeErrorCode*)
 .text._ZN11GpioStm32L18getInputEP12tdeErrorCode
                0x00000000080045ac       0x50 ./Core/Src/ForusDrivers/PAL_STM32CubeL1.o
                0x00000000080045ac                GpioStm32L1::getInput(tdeErrorCode*)
 .text._ZN5I2c3nC2Ev
                0x00000000080045fc       0x20 ./Core/Src/ForusDrivers/PAL_STM32CubeL1.o
                0x00000000080045fc                I2c3n::I2c3n()
                0x00000000080045fc                I2c3n::I2c3n()
 .text._ZN10I2cStm32L1C2EP17I2C_HandleTypeDef
                0x000000000800461c       0x2c ./Core/Src/ForusDrivers/PAL_STM32CubeL1.o
                0x000000000800461c                I2cStm32L1::I2cStm32L1(I2C_HandleTypeDef*)
                0x000000000800461c                I2cStm32L1::I2cStm32L1(I2C_HandleTypeDef*)
 .text._ZN10I2cStm32L15startEP12tdeErrorCode
                0x0000000008004648       0x42 ./Core/Src/ForusDrivers/PAL_STM32CubeL1.o
                0x0000000008004648                I2cStm32L1::start(tdeErrorCode*)
 .text._ZN10I2cStm32L14stopEP12tdeErrorCode
                0x000000000800468a       0x42 ./Core/Src/ForusDrivers/PAL_STM32CubeL1.o
                0x000000000800468a                I2cStm32L1::stop(tdeErrorCode*)
 .text._ZN10I2cStm32L116isSlaveConnectedEhP12tdeErrorCode
                0x00000000080046cc       0x56 ./Core/Src/ForusDrivers/PAL_STM32CubeL1.o
                0x00000000080046cc                I2cStm32L1::isSlaveConnected(unsigned char, tdeErrorCode*)
 .text._ZN10I2cStm32L18rawWriteEhPhtP12tdeErrorCode
                0x0000000008004722       0x80 ./Core/Src/ForusDrivers/PAL_STM32CubeL1.o
                0x0000000008004722                I2cStm32L1::rawWrite(unsigned char, unsigned char*, unsigned short, tdeErrorCode*)
 .text._ZN10I2cStm32L17rawReadEhPhtP12tdeErrorCode
                0x00000000080047a2       0x80 ./Core/Src/ForusDrivers/PAL_STM32CubeL1.o
                0x00000000080047a2                I2cStm32L1::rawRead(unsigned char, unsigned char*, unsigned short, tdeErrorCode*)
 .text._ZN10I2cStm32L18memWriteEht11tdeBusWidthPhtP12tdeErrorCode
                0x0000000008004822       0xc2 ./Core/Src/ForusDrivers/PAL_STM32CubeL1.o
                0x0000000008004822                I2cStm32L1::memWrite(unsigned char, unsigned short, tdeBusWidth, unsigned char*, unsigned short, tdeErrorCode*)
 .text._ZN10I2cStm32L17memReadEht11tdeBusWidthPhtP12tdeErrorCode
                0x00000000080048e4       0xc2 ./Core/Src/ForusDrivers/PAL_STM32CubeL1.o
                0x00000000080048e4                I2cStm32L1::memRead(unsigned char, unsigned short, tdeBusWidth, unsigned char*, unsigned short, tdeErrorCode*)
 *fill*         0x00000000080049a6        0x2 
 .text.Reset_Handler
                0x00000000080049a8       0x44 ./Core/Startup/startup_stm32l152rctx.o
                0x00000000080049a8                Reset_Handler
 .text.Default_Handler
                0x00000000080049ec        0x2 ./Core/Startup/startup_stm32l152rctx.o
                0x00000000080049ec                RTC_Alarm_IRQHandler
                0x00000000080049ec                EXTI2_IRQHandler
                0x00000000080049ec                COMP_ACQ_IRQHandler
                0x00000000080049ec                TIM10_IRQHandler
                0x00000000080049ec                USB_HP_IRQHandler
                0x00000000080049ec                TIM6_IRQHandler
                0x00000000080049ec                PVD_IRQHandler
                0x00000000080049ec                EXTI3_IRQHandler
                0x00000000080049ec                SPI1_IRQHandler
                0x00000000080049ec                USB_FS_WKUP_IRQHandler
                0x00000000080049ec                DMA2_Channel2_IRQHandler
                0x00000000080049ec                DMA1_Channel4_IRQHandler
                0x00000000080049ec                ADC1_IRQHandler
                0x00000000080049ec                USART3_IRQHandler
                0x00000000080049ec                DMA1_Channel7_IRQHandler
                0x00000000080049ec                LCD_IRQHandler
                0x00000000080049ec                TIM4_IRQHandler
                0x00000000080049ec                DMA2_Channel1_IRQHandler
                0x00000000080049ec                DMA1_Channel6_IRQHandler
                0x00000000080049ec                DMA2_Channel4_IRQHandler
                0x00000000080049ec                TIM3_IRQHandler
                0x00000000080049ec                RCC_IRQHandler
                0x00000000080049ec                DMA1_Channel1_IRQHandler
                0x00000000080049ec                Default_Handler
                0x00000000080049ec                EXTI15_10_IRQHandler
                0x00000000080049ec                TIM7_IRQHandler
                0x00000000080049ec                TIM5_IRQHandler
                0x00000000080049ec                EXTI9_5_IRQHandler
                0x00000000080049ec                TIM9_IRQHandler
                0x00000000080049ec                TAMPER_STAMP_IRQHandler
                0x00000000080049ec                RTC_WKUP_IRQHandler
                0x00000000080049ec                SPI2_IRQHandler
                0x00000000080049ec                DMA2_Channel5_IRQHandler
                0x00000000080049ec                DMA1_Channel5_IRQHandler
                0x00000000080049ec                USB_LP_IRQHandler
                0x00000000080049ec                EXTI4_IRQHandler
                0x00000000080049ec                DMA1_Channel3_IRQHandler
                0x00000000080049ec                COMP_IRQHandler
                0x00000000080049ec                WWDG_IRQHandler
                0x00000000080049ec                TIM2_IRQHandler
                0x00000000080049ec                DAC_IRQHandler
                0x00000000080049ec                EXTI1_IRQHandler
                0x00000000080049ec                TIM11_IRQHandler
                0x00000000080049ec                USART2_IRQHandler
                0x00000000080049ec                I2C2_ER_IRQHandler
                0x00000000080049ec                DMA1_Channel2_IRQHandler
                0x00000000080049ec                FLASH_IRQHandler
                0x00000000080049ec                USART1_IRQHandler
                0x00000000080049ec                SPI3_IRQHandler
                0x00000000080049ec                I2C1_ER_IRQHandler
                0x00000000080049ec                DMA2_Channel3_IRQHandler
 .text.HAL_Init
                0x00000000080049ee       0x30 ./Drivers/STM32L1xx_HAL_Driver/Src/stm32l1xx_hal.o
                0x00000000080049ee                HAL_Init
 *fill*         0x0000000008004a1e        0x2 
 .text.HAL_InitTick
                0x0000000008004a20       0x74 ./Drivers/STM32L1xx_HAL_Driver/Src/stm32l1xx_hal.o
                0x0000000008004a20                HAL_InitTick
 .text.HAL_IncTick
                0x0000000008004a94       0x24 ./Drivers/STM32L1xx_HAL_Driver/Src/stm32l1xx_hal.o
                0x0000000008004a94                HAL_IncTick
 .text.HAL_GetTick
                0x0000000008004ab8       0x14 ./Drivers/STM32L1xx_HAL_Driver/Src/stm32l1xx_hal.o
                0x0000000008004ab8                HAL_GetTick
 .text.HAL_Delay
                0x0000000008004acc       0x44 ./Drivers/STM32L1xx_HAL_Driver/Src/stm32l1xx_hal.o
                0x0000000008004acc                HAL_Delay
 .text.__NVIC_SetPriorityGrouping
                0x0000000008004b10       0x48 ./Drivers/STM32L1xx_HAL_Driver/Src/stm32l1xx_hal_cortex.o
 .text.__NVIC_GetPriorityGrouping
                0x0000000008004b58       0x1c ./Drivers/STM32L1xx_HAL_Driver/Src/stm32l1xx_hal_cortex.o
 .text.__NVIC_EnableIRQ
                0x0000000008004b74       0x38 ./Drivers/STM32L1xx_HAL_Driver/Src/stm32l1xx_hal_cortex.o
 .text.__NVIC_DisableIRQ
                0x0000000008004bac       0x48 ./Drivers/STM32L1xx_HAL_Driver/Src/stm32l1xx_hal_cortex.o
 .text.__NVIC_SetPriority
                0x0000000008004bf4       0x54 ./Drivers/STM32L1xx_HAL_Driver/Src/stm32l1xx_hal_cortex.o
 .text.NVIC_EncodePriority
                0x0000000008004c48       0x64 ./Drivers/STM32L1xx_HAL_Driver/Src/stm32l1xx_hal_cortex.o
 .text.SysTick_Config
                0x0000000008004cac       0x44 ./Drivers/STM32L1xx_HAL_Driver/Src/stm32l1xx_hal_cortex.o
 .text.HAL_NVIC_SetPriorityGrouping
                0x0000000008004cf0       0x16 ./Drivers/STM32L1xx_HAL_Driver/Src/stm32l1xx_hal_cortex.o
                0x0000000008004cf0                HAL_NVIC_SetPriorityGrouping
 .text.HAL_NVIC_SetPriority
                0x0000000008004d06       0x38 ./Drivers/STM32L1xx_HAL_Driver/Src/stm32l1xx_hal_cortex.o
                0x0000000008004d06                HAL_NVIC_SetPriority
 .text.HAL_NVIC_EnableIRQ
                0x0000000008004d3e       0x1c ./Drivers/STM32L1xx_HAL_Driver/Src/stm32l1xx_hal_cortex.o
                0x0000000008004d3e                HAL_NVIC_EnableIRQ
 .text.HAL_NVIC_DisableIRQ
                0x0000000008004d5a       0x1c ./Drivers/STM32L1xx_HAL_Driver/Src/stm32l1xx_hal_cortex.o
                0x0000000008004d5a                HAL_NVIC_DisableIRQ
 .text.HAL_SYSTICK_Config
                0x0000000008004d76       0x18 ./Drivers/STM32L1xx_HAL_Driver/Src/stm32l1xx_hal_cortex.o
                0x0000000008004d76                HAL_SYSTICK_Config
 .text.HAL_DMA_Abort_IT
                0x0000000008004d8e       0x82 ./Drivers/STM32L1xx_HAL_Driver/Src/stm32l1xx_hal_dma.o
                0x0000000008004d8e                HAL_DMA_Abort_IT
 .text.HAL_DMA_GetState
                0x0000000008004e10       0x1a ./Drivers/STM32L1xx_HAL_Driver/Src/stm32l1xx_hal_dma.o
                0x0000000008004e10                HAL_DMA_GetState
 *fill*         0x0000000008004e2a        0x2 
 .text.HAL_GPIO_Init
                0x0000000008004e2c      0x300 ./Drivers/STM32L1xx_HAL_Driver/Src/stm32l1xx_hal_gpio.o
                0x0000000008004e2c                HAL_GPIO_Init
 .text.HAL_GPIO_DeInit
                0x000000000800512c      0x1c0 ./Drivers/STM32L1xx_HAL_Driver/Src/stm32l1xx_hal_gpio.o
                0x000000000800512c                HAL_GPIO_DeInit
 .text.HAL_GPIO_ReadPin
                0x00000000080052ec       0x2e ./Drivers/STM32L1xx_HAL_Driver/Src/stm32l1xx_hal_gpio.o
                0x00000000080052ec                HAL_GPIO_ReadPin
 .text.HAL_GPIO_WritePin
                0x000000000800531a       0x30 ./Drivers/STM32L1xx_HAL_Driver/Src/stm32l1xx_hal_gpio.o
                0x000000000800531a                HAL_GPIO_WritePin
 .text.HAL_GPIO_TogglePin
                0x000000000800534a       0x32 ./Drivers/STM32L1xx_HAL_Driver/Src/stm32l1xx_hal_gpio.o
                0x000000000800534a                HAL_GPIO_TogglePin
 .text.HAL_GPIO_EXTI_IRQHandler
                0x000000000800537c       0x30 ./Drivers/STM32L1xx_HAL_Driver/Src/stm32l1xx_hal_gpio.o
                0x000000000800537c                HAL_GPIO_EXTI_IRQHandler
 .text.HAL_I2C_Init
                0x00000000080053ac      0x288 ./Drivers/STM32L1xx_HAL_Driver/Src/stm32l1xx_hal_i2c.o
                0x00000000080053ac                HAL_I2C_Init
 .text.HAL_I2C_DeInit
                0x0000000008005634       0x5e ./Drivers/STM32L1xx_HAL_Driver/Src/stm32l1xx_hal_i2c.o
                0x0000000008005634                HAL_I2C_DeInit
 .text.I2C_Flush_DR
                0x0000000008005692       0x28 ./Drivers/STM32L1xx_HAL_Driver/Src/stm32l1xx_hal_i2c.o
 *fill*         0x00000000080056ba        0x2 
 .text.HAL_I2C_Master_Transmit
                0x00000000080056bc      0x1fc ./Drivers/STM32L1xx_HAL_Driver/Src/stm32l1xx_hal_i2c.o
                0x00000000080056bc                HAL_I2C_Master_Transmit
 .text.HAL_I2C_Master_Receive
                0x00000000080058b8      0x464 ./Drivers/STM32L1xx_HAL_Driver/Src/stm32l1xx_hal_i2c.o
                0x00000000080058b8                HAL_I2C_Master_Receive
 .text.HAL_I2C_Mem_Write
                0x0000000008005d1c      0x1f4 ./Drivers/STM32L1xx_HAL_Driver/Src/stm32l1xx_hal_i2c.o
                0x0000000008005d1c                HAL_I2C_Mem_Write
 .text.HAL_I2C_Mem_Read
                0x0000000008005f10      0x44c ./Drivers/STM32L1xx_HAL_Driver/Src/stm32l1xx_hal_i2c.o
                0x0000000008005f10                HAL_I2C_Mem_Read
 .text.HAL_I2C_IsDeviceReady
                0x000000000800635c      0x25c ./Drivers/STM32L1xx_HAL_Driver/Src/stm32l1xx_hal_i2c.o
                0x000000000800635c                HAL_I2C_IsDeviceReady
 .text.HAL_I2C_EV_IRQHandler
                0x00000000080065b8      0x2e2 ./Drivers/STM32L1xx_HAL_Driver/Src/stm32l1xx_hal_i2c.o
                0x00000000080065b8                HAL_I2C_EV_IRQHandler
 .text.HAL_I2C_MasterTxCpltCallback
                0x000000000800689a       0x12 ./Drivers/STM32L1xx_HAL_Driver/Src/stm32l1xx_hal_i2c.o
                0x000000000800689a                HAL_I2C_MasterTxCpltCallback
 .text.HAL_I2C_MasterRxCpltCallback
                0x00000000080068ac       0x12 ./Drivers/STM32L1xx_HAL_Driver/Src/stm32l1xx_hal_i2c.o
                0x00000000080068ac                HAL_I2C_MasterRxCpltCallback
 .text.HAL_I2C_SlaveTxCpltCallback
                0x00000000080068be       0x12 ./Drivers/STM32L1xx_HAL_Driver/Src/stm32l1xx_hal_i2c.o
                0x00000000080068be                HAL_I2C_SlaveTxCpltCallback
 .text.HAL_I2C_SlaveRxCpltCallback
                0x00000000080068d0       0x12 ./Drivers/STM32L1xx_HAL_Driver/Src/stm32l1xx_hal_i2c.o
                0x00000000080068d0                HAL_I2C_SlaveRxCpltCallback
 .text.HAL_I2C_AddrCallback
                0x00000000080068e2       0x1a ./Drivers/STM32L1xx_HAL_Driver/Src/stm32l1xx_hal_i2c.o
                0x00000000080068e2                HAL_I2C_AddrCallback
 .text.HAL_I2C_ListenCpltCallback
                0x00000000080068fc       0x12 ./Drivers/STM32L1xx_HAL_Driver/Src/stm32l1xx_hal_i2c.o
                0x00000000080068fc                HAL_I2C_ListenCpltCallback
 .text.HAL_I2C_MemTxCpltCallback
                0x000000000800690e       0x12 ./Drivers/STM32L1xx_HAL_Driver/Src/stm32l1xx_hal_i2c.o
                0x000000000800690e                HAL_I2C_MemTxCpltCallback
 .text.HAL_I2C_MemRxCpltCallback
                0x0000000008006920       0x12 ./Drivers/STM32L1xx_HAL_Driver/Src/stm32l1xx_hal_i2c.o
                0x0000000008006920                HAL_I2C_MemRxCpltCallback
 .text.HAL_I2C_ErrorCallback
                0x0000000008006932       0x12 ./Drivers/STM32L1xx_HAL_Driver/Src/stm32l1xx_hal_i2c.o
                0x0000000008006932                HAL_I2C_ErrorCallback
 .text.HAL_I2C_AbortCpltCallback
                0x0000000008006944       0x12 ./Drivers/STM32L1xx_HAL_Driver/Src/stm32l1xx_hal_i2c.o
                0x0000000008006944                HAL_I2C_AbortCpltCallback
 .text.I2C_MasterTransmit_TXE
                0x0000000008006956      0x138 ./Drivers/STM32L1xx_HAL_Driver/Src/stm32l1xx_hal_i2c.o
 .text.I2C_MasterTransmit_BTF
                0x0000000008006a8e       0xec ./Drivers/STM32L1xx_HAL_Driver/Src/stm32l1xx_hal_i2c.o
 .text.I2C_MemoryTransmit_TXE_BTF
                0x0000000008006b7a      0x130 ./Drivers/STM32L1xx_HAL_Driver/Src/stm32l1xx_hal_i2c.o
 .text.I2C_MasterReceive_RXNE
                0x0000000008006caa      0x176 ./Drivers/STM32L1xx_HAL_Driver/Src/stm32l1xx_hal_i2c.o
 .text.I2C_MasterReceive_BTF
                0x0000000008006e20      0x1d4 ./Drivers/STM32L1xx_HAL_Driver/Src/stm32l1xx_hal_i2c.o
 .text.I2C_Master_SB
                0x0000000008006ff4      0x10a ./Drivers/STM32L1xx_HAL_Driver/Src/stm32l1xx_hal_i2c.o
 .text.I2C_Master_ADD10
                0x00000000080070fe       0x52 ./Drivers/STM32L1xx_HAL_Driver/Src/stm32l1xx_hal_i2c.o
 .text.I2C_Master_ADDR
                0x0000000008007150      0x320 ./Drivers/STM32L1xx_HAL_Driver/Src/stm32l1xx_hal_i2c.o
 .text.I2C_SlaveTransmit_TXE
                0x0000000008007470       0x7a ./Drivers/STM32L1xx_HAL_Driver/Src/stm32l1xx_hal_i2c.o
 .text.I2C_SlaveTransmit_BTF
                0x00000000080074ea       0x40 ./Drivers/STM32L1xx_HAL_Driver/Src/stm32l1xx_hal_i2c.o
 .text.I2C_SlaveReceive_RXNE
                0x000000000800752a       0x7c ./Drivers/STM32L1xx_HAL_Driver/Src/stm32l1xx_hal_i2c.o
 .text.I2C_SlaveReceive_BTF
                0x00000000080075a6       0x42 ./Drivers/STM32L1xx_HAL_Driver/Src/stm32l1xx_hal_i2c.o
 .text.I2C_Slave_ADDR
                0x00000000080075e8       0x94 ./Drivers/STM32L1xx_HAL_Driver/Src/stm32l1xx_hal_i2c.o
 .text.I2C_Slave_STOPF
                0x000000000800767c      0x260 ./Drivers/STM32L1xx_HAL_Driver/Src/stm32l1xx_hal_i2c.o
 .text.I2C_ITError
                0x00000000080078dc      0x264 ./Drivers/STM32L1xx_HAL_Driver/Src/stm32l1xx_hal_i2c.o
 .text.I2C_MasterRequestWrite
                0x0000000008007b40      0x104 ./Drivers/STM32L1xx_HAL_Driver/Src/stm32l1xx_hal_i2c.o
 .text.I2C_MasterRequestRead
                0x0000000008007c44      0x19c ./Drivers/STM32L1xx_HAL_Driver/Src/stm32l1xx_hal_i2c.o
 .text.I2C_RequestMemoryWrite
                0x0000000008007de0      0x12c ./Drivers/STM32L1xx_HAL_Driver/Src/stm32l1xx_hal_i2c.o
 .text.I2C_RequestMemoryRead
                0x0000000008007f0c      0x1d0 ./Drivers/STM32L1xx_HAL_Driver/Src/stm32l1xx_hal_i2c.o
 .text.I2C_DMAAbort
                0x00000000080080dc      0x150 ./Drivers/STM32L1xx_HAL_Driver/Src/stm32l1xx_hal_i2c.o
 .text.I2C_WaitOnFlagUntilTimeout
                0x000000000800822c       0xf4 ./Drivers/STM32L1xx_HAL_Driver/Src/stm32l1xx_hal_i2c.o
 .text.I2C_WaitOnMasterAddressFlagUntilTimeout
                0x0000000008008320      0x140 ./Drivers/STM32L1xx_HAL_Driver/Src/stm32l1xx_hal_i2c.o
 .text.I2C_WaitOnTXEFlagUntilTimeout
                0x0000000008008460       0x90 ./Drivers/STM32L1xx_HAL_Driver/Src/stm32l1xx_hal_i2c.o
 .text.I2C_WaitOnBTFFlagUntilTimeout
                0x00000000080084f0       0x90 ./Drivers/STM32L1xx_HAL_Driver/Src/stm32l1xx_hal_i2c.o
 .text.I2C_WaitOnSTOPRequestThroughIT
                0x0000000008008580       0x64 ./Drivers/STM32L1xx_HAL_Driver/Src/stm32l1xx_hal_i2c.o
 .text.I2C_WaitOnRXNEFlagUntilTimeout
                0x00000000080085e4       0xba ./Drivers/STM32L1xx_HAL_Driver/Src/stm32l1xx_hal_i2c.o
 .text.I2C_IsAcknowledgeFailed
                0x000000000800869e       0x5c ./Drivers/STM32L1xx_HAL_Driver/Src/stm32l1xx_hal_i2c.o
 .text.I2C_ConvertOtherXferOptions
                0x00000000080086fa       0x34 ./Drivers/STM32L1xx_HAL_Driver/Src/stm32l1xx_hal_i2c.o
 *fill*         0x000000000800872e        0x2 
 .text.HAL_RCC_OscConfig
                0x0000000008008730      0x660 ./Drivers/STM32L1xx_HAL_Driver/Src/stm32l1xx_hal_rcc.o
                0x0000000008008730                HAL_RCC_OscConfig
 .text.HAL_RCC_ClockConfig
                0x0000000008008d90      0x268 ./Drivers/STM32L1xx_HAL_Driver/Src/stm32l1xx_hal_rcc.o
                0x0000000008008d90                HAL_RCC_ClockConfig
 .text.HAL_RCC_GetSysClockFreq
                0x0000000008008ff8      0x14c ./Drivers/STM32L1xx_HAL_Driver/Src/stm32l1xx_hal_rcc.o
                0x0000000008008ff8                HAL_RCC_GetSysClockFreq
 .text.HAL_RCC_GetHCLKFreq
                0x0000000008009144       0x14 ./Drivers/STM32L1xx_HAL_Driver/Src/stm32l1xx_hal_rcc.o
                0x0000000008009144                HAL_RCC_GetHCLKFreq
 .text.HAL_RCC_GetPCLK1Freq
                0x0000000008009158       0x28 ./Drivers/STM32L1xx_HAL_Driver/Src/stm32l1xx_hal_rcc.o
                0x0000000008009158                HAL_RCC_GetPCLK1Freq
 .text.HAL_RCC_GetPCLK2Freq
                0x0000000008009180       0x28 ./Drivers/STM32L1xx_HAL_Driver/Src/stm32l1xx_hal_rcc.o
                0x0000000008009180                HAL_RCC_GetPCLK2Freq
 .text.RCC_SetFlashLatencyFromMSIRange
                0x00000000080091a8       0xc0 ./Drivers/STM32L1xx_HAL_Driver/Src/stm32l1xx_hal_rcc.o
 .text.HAL_TIM_Base_Init
                0x0000000008009268       0x7e ./Drivers/STM32L1xx_HAL_Driver/Src/stm32l1xx_hal_tim.o
                0x0000000008009268                HAL_TIM_Base_Init
 .text.HAL_TIM_ConfigClockSource
                0x00000000080092e6      0x18e ./Drivers/STM32L1xx_HAL_Driver/Src/stm32l1xx_hal_tim.o
                0x00000000080092e6                HAL_TIM_ConfigClockSource
 .text.TIM_Base_SetConfig
                0x0000000008009474       0xe0 ./Drivers/STM32L1xx_HAL_Driver/Src/stm32l1xx_hal_tim.o
 .text.TIM_TI1_ConfigInputStage
                0x0000000008009554       0x5c ./Drivers/STM32L1xx_HAL_Driver/Src/stm32l1xx_hal_tim.o
 .text.TIM_TI2_ConfigInputStage
                0x00000000080095b0       0x5e ./Drivers/STM32L1xx_HAL_Driver/Src/stm32l1xx_hal_tim.o
 .text.TIM_ITRx_SetConfig
                0x000000000800960e       0x34 ./Drivers/STM32L1xx_HAL_Driver/Src/stm32l1xx_hal_tim.o
 .text.TIM_ETR_SetConfig
                0x0000000008009642       0x3e ./Drivers/STM32L1xx_HAL_Driver/Src/stm32l1xx_hal_tim.o
 .text.HAL_TIMEx_MasterConfigSynchronization
                0x0000000008009680       0xbc ./Drivers/STM32L1xx_HAL_Driver/Src/stm32l1xx_hal_tim_ex.o
                0x0000000008009680                HAL_TIMEx_MasterConfigSynchronization
 .text.HAL_UART_Init
                0x000000000800973c       0xa0 ./Drivers/STM32L1xx_HAL_Driver/Src/stm32l1xx_hal_uart.o
                0x000000000800973c                HAL_UART_Init
 .text.HAL_UART_Transmit
                0x00000000080097dc      0x106 ./Drivers/STM32L1xx_HAL_Driver/Src/stm32l1xx_hal_uart.o
                0x00000000080097dc                HAL_UART_Transmit
 .text.UART_WaitOnFlagUntilTimeout
                0x00000000080098e2       0xdc ./Drivers/STM32L1xx_HAL_Driver/Src/stm32l1xx_hal_uart.o
 *fill*         0x00000000080099be        0x2 
 .text.UART_SetConfig
                0x00000000080099c0      0x1c8 ./Drivers/STM32L1xx_HAL_Driver/Src/stm32l1xx_hal_uart.o
 .text.__cxa_pure_virtual
                0x0000000008009b88        0x6 c:/st/stm32cubeide_1.7.0/stm32cubeide/plugins/com.st.stm32cube.ide.mcu.externaltools.gnu-tools-for-stm32.9-2020-q2-update.win32_2.0.0.202105311346/tools/bin/../lib/gcc/arm-none-eabi/9.3.1/../../../../arm-none-eabi/lib/thumb/v7-m/nofp\libstdc++_nano.a(pure.o)
                0x0000000008009b88                __cxa_pure_virtual
 .text._ZN10__cxxabiv111__terminateEPFvvE
                0x0000000008009b8e        0x8 c:/st/stm32cubeide_1.7.0/stm32cubeide/plugins/com.st.stm32cube.ide.mcu.externaltools.gnu-tools-for-stm32.9-2020-q2-update.win32_2.0.0.202105311346/tools/bin/../lib/gcc/arm-none-eabi/9.3.1/../../../../arm-none-eabi/lib/thumb/v7-m/nofp\libstdc++_nano.a(eh_terminate.o)
                0x0000000008009b8e                __cxxabiv1::__terminate(void (*)())
 *fill*         0x0000000008009b96        0x2 
 .text._ZSt13get_terminatev
                0x0000000008009b98       0x10 c:/st/stm32cubeide_1.7.0/stm32cubeide/plugins/com.st.stm32cube.ide.mcu.externaltools.gnu-tools-for-stm32.9-2020-q2-update.win32_2.0.0.202105311346/tools/bin/../lib/gcc/arm-none-eabi/9.3.1/../../../../arm-none-eabi/lib/thumb/v7-m/nofp\libstdc++_nano.a(eh_terminate.o)
                0x0000000008009b98                std::get_terminate()
 .text._ZSt9terminatev
                0x0000000008009ba8        0xa c:/st/stm32cubeide_1.7.0/stm32cubeide/plugins/com.st.stm32cube.ide.mcu.externaltools.gnu-tools-for-stm32.9-2020-q2-update.win32_2.0.0.202105311346/tools/bin/../lib/gcc/arm-none-eabi/9.3.1/../../../../arm-none-eabi/lib/thumb/v7-m/nofp\libstdc++_nano.a(eh_terminate.o)
                0x0000000008009ba8                std::terminate()
 .text.abort    0x0000000008009bb2        0xe c:/st/stm32cubeide_1.7.0/stm32cubeide/plugins/com.st.stm32cube.ide.mcu.externaltools.gnu-tools-for-stm32.9-2020-q2-update.win32_2.0.0.202105311346/tools/bin/../lib/gcc/arm-none-eabi/9.3.1/../../../../arm-none-eabi/lib/thumb/v7-m/nofp\libc_nano.a(lib_a-abort.o)
                0x0000000008009bb2                abort
 .text.__errno  0x0000000008009bc0        0xc c:/st/stm32cubeide_1.7.0/stm32cubeide/plugins/com.st.stm32cube.ide.mcu.externaltools.gnu-tools-for-stm32.9-2020-q2-update.win32_2.0.0.202105311346/tools/bin/../lib/gcc/arm-none-eabi/9.3.1/../../../../arm-none-eabi/lib/thumb/v7-m/nofp\libc_nano.a(lib_a-errno.o)
                0x0000000008009bc0                __errno
 .text.__libc_init_array
                0x0000000008009bcc       0x48 c:/st/stm32cubeide_1.7.0/stm32cubeide/plugins/com.st.stm32cube.ide.mcu.externaltools.gnu-tools-for-stm32.9-2020-q2-update.win32_2.0.0.202105311346/tools/bin/../lib/gcc/arm-none-eabi/9.3.1/../../../../arm-none-eabi/lib/thumb/v7-m/nofp\libc_nano.a(lib_a-init.o)
                0x0000000008009bcc                __libc_init_array
 .text.memcpy   0x0000000008009c14       0x1c c:/st/stm32cubeide_1.7.0/stm32cubeide/plugins/com.st.stm32cube.ide.mcu.externaltools.gnu-tools-for-stm32.9-2020-q2-update.win32_2.0.0.202105311346/tools/bin/../lib/gcc/arm-none-eabi/9.3.1/../../../../arm-none-eabi/lib/thumb/v7-m/nofp\libc_nano.a(lib_a-memcpy-stub.o)
                0x0000000008009c14                memcpy
 .text.memmove  0x0000000008009c30       0x34 c:/st/stm32cubeide_1.7.0/stm32cubeide/plugins/com.st.stm32cube.ide.mcu.externaltools.gnu-tools-for-stm32.9-2020-q2-update.win32_2.0.0.202105311346/tools/bin/../lib/gcc/arm-none-eabi/9.3.1/../../../../arm-none-eabi/lib/thumb/v7-m/nofp\libc_nano.a(lib_a-memmove.o)
                0x0000000008009c30                memmove
 .text.memset   0x0000000008009c64       0x10 c:/st/stm32cubeide_1.7.0/stm32cubeide/plugins/com.st.stm32cube.ide.mcu.externaltools.gnu-tools-for-stm32.9-2020-q2-update.win32_2.0.0.202105311346/tools/bin/../lib/gcc/arm-none-eabi/9.3.1/../../../../arm-none-eabi/lib/thumb/v7-m/nofp\libc_nano.a(lib_a-memset.o)
                0x0000000008009c64                memset
 .text.__cvt    0x0000000008009c74       0xbe c:/st/stm32cubeide_1.7.0/stm32cubeide/plugins/com.st.stm32cube.ide.mcu.externaltools.gnu-tools-for-stm32.9-2020-q2-update.win32_2.0.0.202105311346/tools/bin/../lib/gcc/arm-none-eabi/9.3.1/../../../../arm-none-eabi/lib/thumb/v7-m/nofp\libc_nano.a(lib_a-nano-vfprintf_float.o)
                0x0000000008009c74                __cvt
 .text.__exponent
                0x0000000008009d32       0x7c c:/st/stm32cubeide_1.7.0/stm32cubeide/plugins/com.st.stm32cube.ide.mcu.externaltools.gnu-tools-for-stm32.9-2020-q2-update.win32_2.0.0.202105311346/tools/bin/../lib/gcc/arm-none-eabi/9.3.1/../../../../arm-none-eabi/lib/thumb/v7-m/nofp\libc_nano.a(lib_a-nano-vfprintf_float.o)
                0x0000000008009d32                __exponent
 *fill*         0x0000000008009dae        0x2 
 .text._printf_float
                0x0000000008009db0      0x458 c:/st/stm32cubeide_1.7.0/stm32cubeide/plugins/com.st.stm32cube.ide.mcu.externaltools.gnu-tools-for-stm32.9-2020-q2-update.win32_2.0.0.202105311346/tools/bin/../lib/gcc/arm-none-eabi/9.3.1/../../../../arm-none-eabi/lib/thumb/v7-m/nofp\libc_nano.a(lib_a-nano-vfprintf_float.o)
                0x0000000008009db0                _printf_float
 .text._printf_common
                0x000000000800a208       0xde c:/st/stm32cubeide_1.7.0/stm32cubeide/plugins/com.st.stm32cube.ide.mcu.externaltools.gnu-tools-for-stm32.9-2020-q2-update.win32_2.0.0.202105311346/tools/bin/../lib/gcc/arm-none-eabi/9.3.1/../../../../arm-none-eabi/lib/thumb/v7-m/nofp\libc_nano.a(lib_a-nano-vfprintf_i.o)
                0x000000000800a208                _printf_common
 *fill*         0x000000000800a2e6        0x2 
 .text._printf_i
                0x000000000800a2e8      0x24c c:/st/stm32cubeide_1.7.0/stm32cubeide/plugins/com.st.stm32cube.ide.mcu.externaltools.gnu-tools-for-stm32.9-2020-q2-update.win32_2.0.0.202105311346/tools/bin/../lib/gcc/arm-none-eabi/9.3.1/../../../../arm-none-eabi/lib/thumb/v7-m/nofp\libc_nano.a(lib_a-nano-vfprintf_i.o)
                0x000000000800a2e8                _printf_i
 .text.printf   0x000000000800a534       0x30 c:/st/stm32cubeide_1.7.0/stm32cubeide/plugins/com.st.stm32cube.ide.mcu.externaltools.gnu-tools-for-stm32.9-2020-q2-update.win32_2.0.0.202105311346/tools/bin/../lib/gcc/arm-none-eabi/9.3.1/../../../../arm-none-eabi/lib/thumb/v7-m/nofp\libc_nano.a(lib_a-printf.o)
                0x000000000800a534                iprintf
                0x000000000800a534                printf
 .text._puts_r  0x000000000800a564       0xdc c:/st/stm32cubeide_1.7.0/stm32cubeide/plugins/com.st.stm32cube.ide.mcu.externaltools.gnu-tools-for-stm32.9-2020-q2-update.win32_2.0.0.202105311346/tools/bin/../lib/gcc/arm-none-eabi/9.3.1/../../../../arm-none-eabi/lib/thumb/v7-m/nofp\libc_nano.a(lib_a-puts.o)
                0x000000000800a564                _puts_r
 .text.puts     0x000000000800a640       0x10 c:/st/stm32cubeide_1.7.0/stm32cubeide/plugins/com.st.stm32cube.ide.mcu.externaltools.gnu-tools-for-stm32.9-2020-q2-update.win32_2.0.0.202105311346/tools/bin/../lib/gcc/arm-none-eabi/9.3.1/../../../../arm-none-eabi/lib/thumb/v7-m/nofp\libc_nano.a(lib_a-puts.o)
                0x000000000800a640                puts
 .text._raise_r
                0x000000000800a650       0x50 c:/st/stm32cubeide_1.7.0/stm32cubeide/plugins/com.st.stm32cube.ide.mcu.externaltools.gnu-tools-for-stm32.9-2020-q2-update.win32_2.0.0.202105311346/tools/bin/../lib/gcc/arm-none-eabi/9.3.1/../../../../arm-none-eabi/lib/thumb/v7-m/nofp\libc_nano.a(lib_a-signal.o)
                0x000000000800a650                _raise_r
 .text.raise    0x000000000800a6a0       0x10 c:/st/stm32cubeide_1.7.0/stm32cubeide/plugins/com.st.stm32cube.ide.mcu.externaltools.gnu-tools-for-stm32.9-2020-q2-update.win32_2.0.0.202105311346/tools/bin/../lib/gcc/arm-none-eabi/9.3.1/../../../../arm-none-eabi/lib/thumb/v7-m/nofp\libc_nano.a(lib_a-signal.o)
                0x000000000800a6a0                raise
 .text._kill_r  0x000000000800a6b0       0x24 c:/st/stm32cubeide_1.7.0/stm32cubeide/plugins/com.st.stm32cube.ide.mcu.externaltools.gnu-tools-for-stm32.9-2020-q2-update.win32_2.0.0.202105311346/tools/bin/../lib/gcc/arm-none-eabi/9.3.1/../../../../arm-none-eabi/lib/thumb/v7-m/nofp\libc_nano.a(lib_a-signalr.o)
                0x000000000800a6b0                _kill_r
 .text._getpid_r
                0x000000000800a6d4        0x4 c:/st/stm32cubeide_1.7.0/stm32cubeide/plugins/com.st.stm32cube.ide.mcu.externaltools.gnu-tools-for-stm32.9-2020-q2-update.win32_2.0.0.202105311346/tools/bin/../lib/gcc/arm-none-eabi/9.3.1/../../../../arm-none-eabi/lib/thumb/v7-m/nofp\libc_nano.a(lib_a-signalr.o)
                0x000000000800a6d4                _getpid_r
 .text.sprintf  0x000000000800a6d8       0x40 c:/st/stm32cubeide_1.7.0/stm32cubeide/plugins/com.st.stm32cube.ide.mcu.externaltools.gnu-tools-for-stm32.9-2020-q2-update.win32_2.0.0.202105311346/tools/bin/../lib/gcc/arm-none-eabi/9.3.1/../../../../arm-none-eabi/lib/thumb/v7-m/nofp\libc_nano.a(lib_a-sprintf.o)
                0x000000000800a6d8                siprintf
                0x000000000800a6d8                sprintf
 .text.__swbuf_r
                0x000000000800a718       0xa4 c:/st/stm32cubeide_1.7.0/stm32cubeide/plugins/com.st.stm32cube.ide.mcu.externaltools.gnu-tools-for-stm32.9-2020-q2-update.win32_2.0.0.202105311346/tools/bin/../lib/gcc/arm-none-eabi/9.3.1/../../../../arm-none-eabi/lib/thumb/v7-m/nofp\libc_nano.a(lib_a-wbuf.o)
                0x000000000800a718                __swbuf_r
 .text.__swsetup_r
                0x000000000800a7bc       0xdc c:/st/stm32cubeide_1.7.0/stm32cubeide/plugins/com.st.stm32cube.ide.mcu.externaltools.gnu-tools-for-stm32.9-2020-q2-update.win32_2.0.0.202105311346/tools/bin/../lib/gcc/arm-none-eabi/9.3.1/../../../../arm-none-eabi/lib/thumb/v7-m/nofp\libc_nano.a(lib_a-wsetup.o)
                0x000000000800a7bc                __swsetup_r
 .text.quorem   0x000000000800a898      0x11a c:/st/stm32cubeide_1.7.0/stm32cubeide/plugins/com.st.stm32cube.ide.mcu.externaltools.gnu-tools-for-stm32.9-2020-q2-update.win32_2.0.0.202105311346/tools/bin/../lib/gcc/arm-none-eabi/9.3.1/../../../../arm-none-eabi/lib/thumb/v7-m/nofp\libc_nano.a(lib_a-dtoa.o)
 *fill*         0x000000000800a9b2        0x6 
 .text._dtoa_r  0x000000000800a9b8      0xbdc c:/st/stm32cubeide_1.7.0/stm32cubeide/plugins/com.st.stm32cube.ide.mcu.externaltools.gnu-tools-for-stm32.9-2020-q2-update.win32_2.0.0.202105311346/tools/bin/../lib/gcc/arm-none-eabi/9.3.1/../../../../arm-none-eabi/lib/thumb/v7-m/nofp\libc_nano.a(lib_a-dtoa.o)
                0x000000000800a9b8                _dtoa_r
 .text.__sflush_r
                0x000000000800b594      0x10c c:/st/stm32cubeide_1.7.0/stm32cubeide/plugins/com.st.stm32cube.ide.mcu.externaltools.gnu-tools-for-stm32.9-2020-q2-update.win32_2.0.0.202105311346/tools/bin/../lib/gcc/arm-none-eabi/9.3.1/../../../../arm-none-eabi/lib/thumb/v7-m/nofp\libc_nano.a(lib_a-fflush.o)
                0x000000000800b594                __sflush_r
 .text._fflush_r
                0x000000000800b6a0       0x78 c:/st/stm32cubeide_1.7.0/stm32cubeide/plugins/com.st.stm32cube.ide.mcu.externaltools.gnu-tools-for-stm32.9-2020-q2-update.win32_2.0.0.202105311346/tools/bin/../lib/gcc/arm-none-eabi/9.3.1/../../../../arm-none-eabi/lib/thumb/v7-m/nofp\libc_nano.a(lib_a-fflush.o)
                0x000000000800b6a0                _fflush_r
 .text.std      0x000000000800b718       0x48 c:/st/stm32cubeide_1.7.0/stm32cubeide/plugins/com.st.stm32cube.ide.mcu.externaltools.gnu-tools-for-stm32.9-2020-q2-update.win32_2.0.0.202105311346/tools/bin/../lib/gcc/arm-none-eabi/9.3.1/../../../../arm-none-eabi/lib/thumb/v7-m/nofp\libc_nano.a(lib_a-findfp.o)
 .text._cleanup_r
                0x000000000800b760        0xc c:/st/stm32cubeide_1.7.0/stm32cubeide/plugins/com.st.stm32cube.ide.mcu.externaltools.gnu-tools-for-stm32.9-2020-q2-update.win32_2.0.0.202105311346/tools/bin/../lib/gcc/arm-none-eabi/9.3.1/../../../../arm-none-eabi/lib/thumb/v7-m/nofp\libc_nano.a(lib_a-findfp.o)
                0x000000000800b760                _cleanup_r
 .text.__sfmoreglue
                0x000000000800b76c       0x2c c:/st/stm32cubeide_1.7.0/stm32cubeide/plugins/com.st.stm32cube.ide.mcu.externaltools.gnu-tools-for-stm32.9-2020-q2-update.win32_2.0.0.202105311346/tools/bin/../lib/gcc/arm-none-eabi/9.3.1/../../../../arm-none-eabi/lib/thumb/v7-m/nofp\libc_nano.a(lib_a-findfp.o)
                0x000000000800b76c                __sfmoreglue
 .text.__sfp_lock_acquire
                0x000000000800b798        0xc c:/st/stm32cubeide_1.7.0/stm32cubeide/plugins/com.st.stm32cube.ide.mcu.externaltools.gnu-tools-for-stm32.9-2020-q2-update.win32_2.0.0.202105311346/tools/bin/../lib/gcc/arm-none-eabi/9.3.1/../../../../arm-none-eabi/lib/thumb/v7-m/nofp\libc_nano.a(lib_a-findfp.o)
                0x000000000800b798                __sfp_lock_acquire
 .text.__sfp_lock_release
                0x000000000800b7a4        0xc c:/st/stm32cubeide_1.7.0/stm32cubeide/plugins/com.st.stm32cube.ide.mcu.externaltools.gnu-tools-for-stm32.9-2020-q2-update.win32_2.0.0.202105311346/tools/bin/../lib/gcc/arm-none-eabi/9.3.1/../../../../arm-none-eabi/lib/thumb/v7-m/nofp\libc_nano.a(lib_a-findfp.o)
                0x000000000800b7a4                __sfp_lock_release
 .text.__sinit_lock_acquire
                0x000000000800b7b0        0xc c:/st/stm32cubeide_1.7.0/stm32cubeide/plugins/com.st.stm32cube.ide.mcu.externaltools.gnu-tools-for-stm32.9-2020-q2-update.win32_2.0.0.202105311346/tools/bin/../lib/gcc/arm-none-eabi/9.3.1/../../../../arm-none-eabi/lib/thumb/v7-m/nofp\libc_nano.a(lib_a-findfp.o)
                0x000000000800b7b0                __sinit_lock_acquire
 .text.__sinit_lock_release
                0x000000000800b7bc        0xc c:/st/stm32cubeide_1.7.0/stm32cubeide/plugins/com.st.stm32cube.ide.mcu.externaltools.gnu-tools-for-stm32.9-2020-q2-update.win32_2.0.0.202105311346/tools/bin/../lib/gcc/arm-none-eabi/9.3.1/../../../../arm-none-eabi/lib/thumb/v7-m/nofp\libc_nano.a(lib_a-findfp.o)
                0x000000000800b7bc                __sinit_lock_release
 .text.__sinit  0x000000000800b7c8       0x70 c:/st/stm32cubeide_1.7.0/stm32cubeide/plugins/com.st.stm32cube.ide.mcu.externaltools.gnu-tools-for-stm32.9-2020-q2-update.win32_2.0.0.202105311346/tools/bin/../lib/gcc/arm-none-eabi/9.3.1/../../../../arm-none-eabi/lib/thumb/v7-m/nofp\libc_nano.a(lib_a-findfp.o)
                0x000000000800b7c8                __sinit
 .text.__sfp    0x000000000800b838       0x8c c:/st/stm32cubeide_1.7.0/stm32cubeide/plugins/com.st.stm32cube.ide.mcu.externaltools.gnu-tools-for-stm32.9-2020-q2-update.win32_2.0.0.202105311346/tools/bin/../lib/gcc/arm-none-eabi/9.3.1/../../../../arm-none-eabi/lib/thumb/v7-m/nofp\libc_nano.a(lib_a-findfp.o)
                0x000000000800b838                __sfp
 .text._fwalk_reent
                0x000000000800b8c4       0x3e c:/st/stm32cubeide_1.7.0/stm32cubeide/plugins/com.st.stm32cube.ide.mcu.externaltools.gnu-tools-for-stm32.9-2020-q2-update.win32_2.0.0.202105311346/tools/bin/../lib/gcc/arm-none-eabi/9.3.1/../../../../arm-none-eabi/lib/thumb/v7-m/nofp\libc_nano.a(lib_a-fwalk.o)
                0x000000000800b8c4                _fwalk_reent
 *fill*         0x000000000800b902        0x2 
 .text._localeconv_r
                0x000000000800b904        0x8 c:/st/stm32cubeide_1.7.0/stm32cubeide/plugins/com.st.stm32cube.ide.mcu.externaltools.gnu-tools-for-stm32.9-2020-q2-update.win32_2.0.0.202105311346/tools/bin/../lib/gcc/arm-none-eabi/9.3.1/../../../../arm-none-eabi/lib/thumb/v7-m/nofp\libc_nano.a(lib_a-localeconv.o)
                0x000000000800b904                _localeconv_r
 .text.__retarget_lock_init_recursive
                0x000000000800b90c        0x2 c:/st/stm32cubeide_1.7.0/stm32cubeide/plugins/com.st.stm32cube.ide.mcu.externaltools.gnu-tools-for-stm32.9-2020-q2-update.win32_2.0.0.202105311346/tools/bin/../lib/gcc/arm-none-eabi/9.3.1/../../../../arm-none-eabi/lib/thumb/v7-m/nofp\libc_nano.a(lib_a-lock.o)
                0x000000000800b90c                __retarget_lock_init_recursive
 .text.__retarget_lock_acquire_recursive
                0x000000000800b90e        0x2 c:/st/stm32cubeide_1.7.0/stm32cubeide/plugins/com.st.stm32cube.ide.mcu.externaltools.gnu-tools-for-stm32.9-2020-q2-update.win32_2.0.0.202105311346/tools/bin/../lib/gcc/arm-none-eabi/9.3.1/../../../../arm-none-eabi/lib/thumb/v7-m/nofp\libc_nano.a(lib_a-lock.o)
                0x000000000800b90e                __retarget_lock_acquire_recursive
 .text.__retarget_lock_release_recursive
                0x000000000800b910        0x2 c:/st/stm32cubeide_1.7.0/stm32cubeide/plugins/com.st.stm32cube.ide.mcu.externaltools.gnu-tools-for-stm32.9-2020-q2-update.win32_2.0.0.202105311346/tools/bin/../lib/gcc/arm-none-eabi/9.3.1/../../../../arm-none-eabi/lib/thumb/v7-m/nofp\libc_nano.a(lib_a-lock.o)
                0x000000000800b910                __retarget_lock_release_recursive
 .text.__swhatbuf_r
                0x000000000800b912       0x48 c:/st/stm32cubeide_1.7.0/stm32cubeide/plugins/com.st.stm32cube.ide.mcu.externaltools.gnu-tools-for-stm32.9-2020-q2-update.win32_2.0.0.202105311346/tools/bin/../lib/gcc/arm-none-eabi/9.3.1/../../../../arm-none-eabi/lib/thumb/v7-m/nofp\libc_nano.a(lib_a-makebuf.o)
                0x000000000800b912                __swhatbuf_r
 *fill*         0x000000000800b95a        0x2 
 .text.__smakebuf_r
                0x000000000800b95c       0x80 c:/st/stm32cubeide_1.7.0/stm32cubeide/plugins/com.st.stm32cube.ide.mcu.externaltools.gnu-tools-for-stm32.9-2020-q2-update.win32_2.0.0.202105311346/tools/bin/../lib/gcc/arm-none-eabi/9.3.1/../../../../arm-none-eabi/lib/thumb/v7-m/nofp\libc_nano.a(lib_a-makebuf.o)
                0x000000000800b95c                __smakebuf_r
 .text.malloc   0x000000000800b9dc       0x10 c:/st/stm32cubeide_1.7.0/stm32cubeide/plugins/com.st.stm32cube.ide.mcu.externaltools.gnu-tools-for-stm32.9-2020-q2-update.win32_2.0.0.202105311346/tools/bin/../lib/gcc/arm-none-eabi/9.3.1/../../../../arm-none-eabi/lib/thumb/v7-m/nofp\libc_nano.a(lib_a-malloc.o)
                0x000000000800b9dc                malloc
 .text.memchr   0x000000000800b9ec       0x1c c:/st/stm32cubeide_1.7.0/stm32cubeide/plugins/com.st.stm32cube.ide.mcu.externaltools.gnu-tools-for-stm32.9-2020-q2-update.win32_2.0.0.202105311346/tools/bin/../lib/gcc/arm-none-eabi/9.3.1/../../../../arm-none-eabi/lib/thumb/v7-m/nofp\libc_nano.a(lib_a-memchr-stub.o)
                0x000000000800b9ec                memchr
 .text._Balloc  0x000000000800ba08       0x80 c:/st/stm32cubeide_1.7.0/stm32cubeide/plugins/com.st.stm32cube.ide.mcu.externaltools.gnu-tools-for-stm32.9-2020-q2-update.win32_2.0.0.202105311346/tools/bin/../lib/gcc/arm-none-eabi/9.3.1/../../../../arm-none-eabi/lib/thumb/v7-m/nofp\libc_nano.a(lib_a-mprec.o)
                0x000000000800ba08                _Balloc
 .text._Bfree   0x000000000800ba88       0x44 c:/st/stm32cubeide_1.7.0/stm32cubeide/plugins/com.st.stm32cube.ide.mcu.externaltools.gnu-tools-for-stm32.9-2020-q2-update.win32_2.0.0.202105311346/tools/bin/../lib/gcc/arm-none-eabi/9.3.1/../../../../arm-none-eabi/lib/thumb/v7-m/nofp\libc_nano.a(lib_a-mprec.o)
                0x000000000800ba88                _Bfree
 .text.__multadd
                0x000000000800bacc       0x94 c:/st/stm32cubeide_1.7.0/stm32cubeide/plugins/com.st.stm32cube.ide.mcu.externaltools.gnu-tools-for-stm32.9-2020-q2-update.win32_2.0.0.202105311346/tools/bin/../lib/gcc/arm-none-eabi/9.3.1/../../../../arm-none-eabi/lib/thumb/v7-m/nofp\libc_nano.a(lib_a-mprec.o)
                0x000000000800bacc                __multadd
 .text.__hi0bits
                0x000000000800bb60       0x40 c:/st/stm32cubeide_1.7.0/stm32cubeide/plugins/com.st.stm32cube.ide.mcu.externaltools.gnu-tools-for-stm32.9-2020-q2-update.win32_2.0.0.202105311346/tools/bin/../lib/gcc/arm-none-eabi/9.3.1/../../../../arm-none-eabi/lib/thumb/v7-m/nofp\libc_nano.a(lib_a-mprec.o)
                0x000000000800bb60                __hi0bits
 .text.__lo0bits
                0x000000000800bba0       0x5c c:/st/stm32cubeide_1.7.0/stm32cubeide/plugins/com.st.stm32cube.ide.mcu.externaltools.gnu-tools-for-stm32.9-2020-q2-update.win32_2.0.0.202105311346/tools/bin/../lib/gcc/arm-none-eabi/9.3.1/../../../../arm-none-eabi/lib/thumb/v7-m/nofp\libc_nano.a(lib_a-mprec.o)
                0x000000000800bba0                __lo0bits
 .text.__i2b    0x000000000800bbfc       0x2c c:/st/stm32cubeide_1.7.0/stm32cubeide/plugins/com.st.stm32cube.ide.mcu.externaltools.gnu-tools-for-stm32.9-2020-q2-update.win32_2.0.0.202105311346/tools/bin/../lib/gcc/arm-none-eabi/9.3.1/../../../../arm-none-eabi/lib/thumb/v7-m/nofp\libc_nano.a(lib_a-mprec.o)
                0x000000000800bbfc                __i2b
 .text.__multiply
                0x000000000800bc28      0x148 c:/st/stm32cubeide_1.7.0/stm32cubeide/plugins/com.st.stm32cube.ide.mcu.externaltools.gnu-tools-for-stm32.9-2020-q2-update.win32_2.0.0.202105311346/tools/bin/../lib/gcc/arm-none-eabi/9.3.1/../../../../arm-none-eabi/lib/thumb/v7-m/nofp\libc_nano.a(lib_a-mprec.o)
                0x000000000800bc28                __multiply
 .text.__pow5mult
                0x000000000800bd70       0xb4 c:/st/stm32cubeide_1.7.0/stm32cubeide/plugins/com.st.stm32cube.ide.mcu.externaltools.gnu-tools-for-stm32.9-2020-q2-update.win32_2.0.0.202105311346/tools/bin/../lib/gcc/arm-none-eabi/9.3.1/../../../../arm-none-eabi/lib/thumb/v7-m/nofp\libc_nano.a(lib_a-mprec.o)
                0x000000000800bd70                __pow5mult
 .text.__lshift
                0x000000000800be24       0xd8 c:/st/stm32cubeide_1.7.0/stm32cubeide/plugins/com.st.stm32cube.ide.mcu.externaltools.gnu-tools-for-stm32.9-2020-q2-update.win32_2.0.0.202105311346/tools/bin/../lib/gcc/arm-none-eabi/9.3.1/../../../../arm-none-eabi/lib/thumb/v7-m/nofp\libc_nano.a(lib_a-mprec.o)
                0x000000000800be24                __lshift
 .text.__mcmp   0x000000000800befc       0x36 c:/st/stm32cubeide_1.7.0/stm32cubeide/plugins/com.st.stm32cube.ide.mcu.externaltools.gnu-tools-for-stm32.9-2020-q2-update.win32_2.0.0.202105311346/tools/bin/../lib/gcc/arm-none-eabi/9.3.1/../../../../arm-none-eabi/lib/thumb/v7-m/nofp\libc_nano.a(lib_a-mprec.o)
                0x000000000800befc                __mcmp
 *fill*         0x000000000800bf32        0x2 
 .text.__mdiff  0x000000000800bf34      0x120 c:/st/stm32cubeide_1.7.0/stm32cubeide/plugins/com.st.stm32cube.ide.mcu.externaltools.gnu-tools-for-stm32.9-2020-q2-update.win32_2.0.0.202105311346/tools/bin/../lib/gcc/arm-none-eabi/9.3.1/../../../../arm-none-eabi/lib/thumb/v7-m/nofp\libc_nano.a(lib_a-mprec.o)
                0x000000000800bf34                __mdiff
 .text.__d2b    0x000000000800c054       0xb8 c:/st/stm32cubeide_1.7.0/stm32cubeide/plugins/com.st.stm32cube.ide.mcu.externaltools.gnu-tools-for-stm32.9-2020-q2-update.win32_2.0.0.202105311346/tools/bin/../lib/gcc/arm-none-eabi/9.3.1/../../../../arm-none-eabi/lib/thumb/v7-m/nofp\libc_nano.a(lib_a-mprec.o)
                0x000000000800c054                __d2b
 .text._calloc_r
                0x000000000800c10c       0x1c c:/st/stm32cubeide_1.7.0/stm32cubeide/plugins/com.st.stm32cube.ide.mcu.externaltools.gnu-tools-for-stm32.9-2020-q2-update.win32_2.0.0.202105311346/tools/bin/../lib/gcc/arm-none-eabi/9.3.1/../../../../arm-none-eabi/lib/thumb/v7-m/nofp\libc_nano.a(lib_a-nano-callocr.o)
                0x000000000800c10c                _calloc_r
 .text._free_r  0x000000000800c128       0x98 c:/st/stm32cubeide_1.7.0/stm32cubeide/plugins/com.st.stm32cube.ide.mcu.externaltools.gnu-tools-for-stm32.9-2020-q2-update.win32_2.0.0.202105311346/tools/bin/../lib/gcc/arm-none-eabi/9.3.1/../../../../arm-none-eabi/lib/thumb/v7-m/nofp\libc_nano.a(lib_a-nano-freer.o)
                0x000000000800c128                _free_r
 .text._malloc_r
                0x000000000800c1c0       0xb4 c:/st/stm32cubeide_1.7.0/stm32cubeide/plugins/com.st.stm32cube.ide.mcu.externaltools.gnu-tools-for-stm32.9-2020-q2-update.win32_2.0.0.202105311346/tools/bin/../lib/gcc/arm-none-eabi/9.3.1/../../../../arm-none-eabi/lib/thumb/v7-m/nofp\libc_nano.a(lib_a-nano-mallocr.o)
                0x000000000800c1c0                _malloc_r
 .text.__ssputs_r
                0x000000000800c274       0xb6 c:/st/stm32cubeide_1.7.0/stm32cubeide/plugins/com.st.stm32cube.ide.mcu.externaltools.gnu-tools-for-stm32.9-2020-q2-update.win32_2.0.0.202105311346/tools/bin/../lib/gcc/arm-none-eabi/9.3.1/../../../../arm-none-eabi/lib/thumb/v7-m/nofp\libc_nano.a(lib_a-nano-svfprintf.o)
                0x000000000800c274                __ssputs_r
 *fill*         0x000000000800c32a        0x2 
 .text._svfprintf_r
                0x000000000800c32c      0x200 c:/st/stm32cubeide_1.7.0/stm32cubeide/plugins/com.st.stm32cube.ide.mcu.externaltools.gnu-tools-for-stm32.9-2020-q2-update.win32_2.0.0.202105311346/tools/bin/../lib/gcc/arm-none-eabi/9.3.1/../../../../arm-none-eabi/lib/thumb/v7-m/nofp\libc_nano.a(lib_a-nano-svfprintf.o)
                0x000000000800c32c                _svfiprintf_r
                0x000000000800c32c                _svfprintf_r
 .text.__sfputc_r
                0x000000000800c52c       0x2a c:/st/stm32cubeide_1.7.0/stm32cubeide/plugins/com.st.stm32cube.ide.mcu.externaltools.gnu-tools-for-stm32.9-2020-q2-update.win32_2.0.0.202105311346/tools/bin/../lib/gcc/arm-none-eabi/9.3.1/../../../../arm-none-eabi/lib/thumb/v7-m/nofp\libc_nano.a(lib_a-nano-vfprintf.o)
 .text.__sfputs_r
                0x000000000800c556       0x24 c:/st/stm32cubeide_1.7.0/stm32cubeide/plugins/com.st.stm32cube.ide.mcu.externaltools.gnu-tools-for-stm32.9-2020-q2-update.win32_2.0.0.202105311346/tools/bin/../lib/gcc/arm-none-eabi/9.3.1/../../../../arm-none-eabi/lib/thumb/v7-m/nofp\libc_nano.a(lib_a-nano-vfprintf.o)
                0x000000000800c556                __sfputs_r
 *fill*         0x000000000800c57a        0x2 
 .text._vfprintf_r
                0x000000000800c57c      0x260 c:/st/stm32cubeide_1.7.0/stm32cubeide/plugins/com.st.stm32cube.ide.mcu.externaltools.gnu-tools-for-stm32.9-2020-q2-update.win32_2.0.0.202105311346/tools/bin/../lib/gcc/arm-none-eabi/9.3.1/../../../../arm-none-eabi/lib/thumb/v7-m/nofp\libc_nano.a(lib_a-nano-vfprintf.o)
                0x000000000800c57c                _vfprintf_r
                0x000000000800c57c                _vfiprintf_r
 .text._sbrk_r  0x000000000800c7dc       0x20 c:/st/stm32cubeide_1.7.0/stm32cubeide/plugins/com.st.stm32cube.ide.mcu.externaltools.gnu-tools-for-stm32.9-2020-q2-update.win32_2.0.0.202105311346/tools/bin/../lib/gcc/arm-none-eabi/9.3.1/../../../../arm-none-eabi/lib/thumb/v7-m/nofp\libc_nano.a(lib_a-sbrkr.o)
                0x000000000800c7dc                _sbrk_r
 .text.__sread  0x000000000800c7fc       0x22 c:/st/stm32cubeide_1.7.0/stm32cubeide/plugins/com.st.stm32cube.ide.mcu.externaltools.gnu-tools-for-stm32.9-2020-q2-update.win32_2.0.0.202105311346/tools/bin/../lib/gcc/arm-none-eabi/9.3.1/../../../../arm-none-eabi/lib/thumb/v7-m/nofp\libc_nano.a(lib_a-stdio.o)
                0x000000000800c7fc                __sread
 .text.__swrite
                0x000000000800c81e       0x38 c:/st/stm32cubeide_1.7.0/stm32cubeide/plugins/com.st.stm32cube.ide.mcu.externaltools.gnu-tools-for-stm32.9-2020-q2-update.win32_2.0.0.202105311346/tools/bin/../lib/gcc/arm-none-eabi/9.3.1/../../../../arm-none-eabi/lib/thumb/v7-m/nofp\libc_nano.a(lib_a-stdio.o)
                0x000000000800c81e                __swrite
 .text.__sseek  0x000000000800c856       0x24 c:/st/stm32cubeide_1.7.0/stm32cubeide/plugins/com.st.stm32cube.ide.mcu.externaltools.gnu-tools-for-stm32.9-2020-q2-update.win32_2.0.0.202105311346/tools/bin/../lib/gcc/arm-none-eabi/9.3.1/../../../../arm-none-eabi/lib/thumb/v7-m/nofp\libc_nano.a(lib_a-stdio.o)
                0x000000000800c856                __sseek
 .text.__sclose
                0x000000000800c87a        0x8 c:/st/stm32cubeide_1.7.0/stm32cubeide/plugins/com.st.stm32cube.ide.mcu.externaltools.gnu-tools-for-stm32.9-2020-q2-update.win32_2.0.0.202105311346/tools/bin/../lib/gcc/arm-none-eabi/9.3.1/../../../../arm-none-eabi/lib/thumb/v7-m/nofp\libc_nano.a(lib_a-stdio.o)
                0x000000000800c87a                __sclose
 *fill*         0x000000000800c882        0x2 
 .text._write_r
                0x000000000800c884       0x24 c:/st/stm32cubeide_1.7.0/stm32cubeide/plugins/com.st.stm32cube.ide.mcu.externaltools.gnu-tools-for-stm32.9-2020-q2-update.win32_2.0.0.202105311346/tools/bin/../lib/gcc/arm-none-eabi/9.3.1/../../../../arm-none-eabi/lib/thumb/v7-m/nofp\libc_nano.a(lib_a-writer.o)
                0x000000000800c884                _write_r
 .text.__assert_func
                0x000000000800c8a8       0x3c c:/st/stm32cubeide_1.7.0/stm32cubeide/plugins/com.st.stm32cube.ide.mcu.externaltools.gnu-tools-for-stm32.9-2020-q2-update.win32_2.0.0.202105311346/tools/bin/../lib/gcc/arm-none-eabi/9.3.1/../../../../arm-none-eabi/lib/thumb/v7-m/nofp\libc_nano.a(lib_a-assert.o)
                0x000000000800c8a8                __assert_func
 .text._close_r
                0x000000000800c8e4       0x20 c:/st/stm32cubeide_1.7.0/stm32cubeide/plugins/com.st.stm32cube.ide.mcu.externaltools.gnu-tools-for-stm32.9-2020-q2-update.win32_2.0.0.202105311346/tools/bin/../lib/gcc/arm-none-eabi/9.3.1/../../../../arm-none-eabi/lib/thumb/v7-m/nofp\libc_nano.a(lib_a-closer.o)